Archive member included to satisfy reference by file (symbol)

/opt/devkitpro/libtonc/lib/libtonc.a(tonc_bmp16.o)
                              main_menu.o (bmp16_hline)
/opt/devkitpro/libtonc/lib/libtonc.a(tonc_obj_affine.o)
                              main_game.o (obj_aff_copy)
/opt/devkitpro/libtonc/lib/libtonc.a(tonc_core.o)
                              /opt/devkitpro/libtonc/lib/libtonc.a(tonc_obj_affine.o) (oam_sizes)
/opt/devkitpro/libtonc/lib/libtonc.a(tonc_oam.o)
                              main_game.o (oam_init)
/opt/devkitpro/libtonc/lib/libtonc.a(tonc_input.o)
                              main_game.o (key_poll)
/opt/devkitpro/libtonc/lib/libtonc.a(tte_main.o)
                              main_menu.o (tte_set_color)
/opt/devkitpro/libtonc/lib/libtonc.a(tte_iohook.o)
                              main_game.o (tte_init_con)
/opt/devkitpro/libtonc/lib/libtonc.a(tte_init_se.o)
                              main_game.o (tte_init_se)
/opt/devkitpro/libtonc/lib/libtonc.a(tte_init_bmp.o)
                              main_menu.o (tte_init_bmp)
/opt/devkitpro/libtonc/lib/libtonc.a(bmp8_drawg_b1cs.o)
                              /opt/devkitpro/libtonc/lib/libtonc.a(tte_init_bmp.o) (bmp8_drawg_b1cts)
/opt/devkitpro/libtonc/lib/libtonc.a(sin_lut.o)
                              /opt/devkitpro/libtonc/lib/libtonc.a(tonc_obj_affine.o) (sin_lut)
/opt/devkitpro/libtonc/lib/libtonc.a(tonc_bios.o)
                              /opt/devkitpro/libtonc/lib/libtonc.a(tonc_input.o) (VBlankIntrWait)
/opt/devkitpro/libtonc/lib/libtonc.a(tonc_memcpy.o)
                              main_game.o (memcpy32)
/opt/devkitpro/libtonc/lib/libtonc.a(tonc_bios_ex.o)
                              /opt/devkitpro/libtonc/lib/libtonc.a(tte_main.o) (VBlankIntrDelay)
/opt/devkitpro/libtonc/lib/libtonc.a(tonc_nocash.o)
                              /opt/devkitpro/libtonc/lib/libtonc.a(tte_iohook.o) (nocash_message)
/opt/devkitpro/libtonc/lib/libtonc.a(tonc_memset.o)
                              main_menu.o (memset32)
/opt/devkitpro/libtonc/lib/libtonc.a(verdana9.o)
                              /opt/devkitpro/libtonc/lib/libtonc.a(tte_init_bmp.o) (verdana9Font)
/opt/devkitpro/libtonc/lib/libtonc.a(sys8.o)
                              /opt/devkitpro/libtonc/lib/libtonc.a(tte_main.o) (sys8Font)
/opt/devkitpro/libtonc/lib/libtonc.a(tonc_sbmp8.o)
                              /opt/devkitpro/libtonc/lib/libtonc.a(tte_init_bmp.o) (sbmp8_rect)
/opt/devkitpro/libtonc/lib/libtonc.a(tonc_surface.o)
                              /opt/devkitpro/libtonc/lib/libtonc.a(tte_init_se.o) (srf_init)
/opt/devkitpro/libtonc/lib/libtonc.a(tonc_sbmp16.o)
                              /opt/devkitpro/libtonc/lib/libtonc.a(tte_init_bmp.o) (sbmp16_rect)
/opt/devkitpro/libtonc/lib/libtonc.a(bmp16_drawg_b1cs.o)
                              /opt/devkitpro/libtonc/lib/libtonc.a(tte_init_bmp.o) (bmp16_drawg_b1cts)
/opt/devkitpro/libtonc/lib/libtonc.a(se_drawg.o)
                              /opt/devkitpro/libtonc/lib/libtonc.a(tte_init_se.o) (se_erase)
/opt/devkitpro/devkitARM/bin/../lib/gcc/arm-none-eabi/11.1.0/thumb/libgcc.a(_arm_mulsf3.o)
                              main_game.o (__aeabi_fmul)
/opt/devkitpro/devkitARM/bin/../lib/gcc/arm-none-eabi/11.1.0/thumb/libgcc.a(_udivsi3.o)
                              main_game.o (__aeabi_uidiv)
/opt/devkitpro/devkitARM/bin/../lib/gcc/arm-none-eabi/11.1.0/thumb/libgcc.a(_divsi3.o)
                              main_game.o (__aeabi_idiv)
/opt/devkitpro/devkitARM/bin/../lib/gcc/arm-none-eabi/11.1.0/thumb/libgcc.a(_dvmd_tls.o)
                              /opt/devkitpro/devkitARM/bin/../lib/gcc/arm-none-eabi/11.1.0/thumb/libgcc.a(_udivsi3.o) (__aeabi_idiv0)
/opt/devkitpro/devkitARM/bin/../lib/gcc/arm-none-eabi/11.1.0/thumb/libgcc.a(_arm_addsubsf3.o)
                              main_game.o (__aeabi_fsub)
/opt/devkitpro/devkitARM/bin/../lib/gcc/arm-none-eabi/11.1.0/thumb/libgcc.a(_arm_muldivsf3.o)
                              main_game.o (__aeabi_fdiv)
/opt/devkitpro/devkitARM/bin/../lib/gcc/arm-none-eabi/11.1.0/thumb/libgcc.a(_arm_cmpsf2.o)
                              main_game.o (__aeabi_fcmplt)
/opt/devkitpro/devkitARM/bin/../lib/gcc/arm-none-eabi/11.1.0/thumb/libgcc.a(_arm_fixsfsi.o)
                              main_game.o (__aeabi_f2iz)
/opt/devkitpro/devkitARM/bin/../lib/gcc/arm-none-eabi/11.1.0/../../../../arm-none-eabi/lib/thumb/libg.a(lib_a-ctype_.o)
                              /opt/devkitpro/libtonc/lib/libtonc.a(tte_main.o) (_ctype_)
/opt/devkitpro/devkitARM/bin/../lib/gcc/arm-none-eabi/11.1.0/../../../../arm-none-eabi/lib/thumb/libg.a(lib_a-init.o)
                              /opt/devkitpro/devkitARM/bin/../lib/gcc/arm-none-eabi/11.1.0/../../../../arm-none-eabi/lib/thumb/gba_crt0.o (__libc_init_array)
/opt/devkitpro/devkitARM/bin/../lib/gcc/arm-none-eabi/11.1.0/../../../../arm-none-eabi/lib/thumb/libg.a(lib_a-iprintf.o)
                              main_game.o (iprintf)
[...]
Memory Configuration

Name             Origin             Length             Attributes
rom              0x0000000008000000 0x0000000002000000
iwram            0x0000000003000000 0x0000000000008000
ewram            0x0000000002000000 0x0000000000040000
*default*        0x0000000000000000 0xffffffffffffffff

Linker script and memory map

                0x0000000008000000                __text_start = ORIGIN (rom)
                0x0000000002040000                __eheap_end = (ORIGIN (ewram) + LENGTH (ewram))
                0x0000000003000000                __iwram_start = ORIGIN (iwram)
                0x0000000003008000                __iwram_top = (ORIGIN (iwram) + LENGTH (iwram))
                0x0000000003007fa0                __sp_irq = (__iwram_top - 0x60)
                0x0000000003007f00                __sp_usr = (__sp_irq - 0xa0)
                0x0000000003007ff8                __irq_flags = 0x3007ff8
                0x0000000008000000                . = __text_start

.crt0           0x0000000008000000      0x210
 *(.crt0)
 .crt0          0x0000000008000000      0x210 /opt/devkitpro/devkitARM/bin/../lib/gcc/arm-none-eabi/11.1.0/../../../../arm-none-eabi/lib/thumb/gba_crt0.o
                0x0000000008000000                _start
                0x00000000080000c4                __boot_method
                0x00000000080000c5                __slave_number
                0x00000000080000e0                start_vector
                0x0000000008000210                . = ALIGN (0x4)

.init           0x0000000008000210        0xc
 *(SORT_NONE(.init))
 .init          0x0000000008000210        0x4 /opt/devkitpro/devkitARM/bin/../lib/gcc/arm-none-eabi/11.1.0/thumb/crti.o
                0x0000000008000210                _init
 .init          0x0000000008000214        0x8 /opt/devkitpro/devkitARM/bin/../lib/gcc/arm-none-eabi/11.1.0/thumb/crtn.o

.plt            0x000000000800021c        0x0
 *(.plt)
                0x000000000800021c                . = ALIGN (0x4)

.text           0x0000000008000220     0xba20
 *(EXCLUDE_FILE(*.iwram*) .text*)
 .text.__do_global_dtors_aux
                0x0000000008000220       0x2c /opt/devkitpro/devkitARM/bin/../lib/gcc/arm-none-eabi/11.1.0/thumb/crtbegin.o
 .text.frame_dummy
                0x000000000800024c       0x24 /opt/devkitpro/devkitARM/bin/../lib/gcc/arm-none-eabi/11.1.0/thumb/crtbegin.o
 .text          0x0000000008000270      0x1b4 generate_finish_line.o
                0x0000000008000270                generate_finish_tile_hfline
                0x00000000080002c0                generate_finish_tile_vfline
                0x0000000008000384                replace_ith_block_hl
                0x00000000080003d4                replace_ith_block_vl
 .text.startup  0x0000000008000424       0x50 main.o
                0x0000000008000424                main
 .text          0x0000000008000474     0x1034 main_game.o
                0x0000000008000474                init_metr
                0x00000000080004f0                get_aff_state
                0x0000000008000524                get_aff_new
                0x00000000080005d4                Display_game
                0x0000000008000708                Display_victory
                0x000000000800084c                main_gamego
                0x00000000080013d4                main_game
 .text          0x00000000080014a8      0x27c main_menu.o
                0x00000000080014a8                display_main
                0x000000000800160c                main_menu
 .text          0x0000000008001724       0xe4 setting_menu.o
                0x0000000008001724                display_settings
                0x00000000080017b0                setting_menu
 .text          0x0000000008001808      0x358 track_select.o
                0x0000000008001808                display_track
                0x0000000008001a10                track_select
 .text          0x0000000008001b60       0xcc welcome.o
                0x0000000008001b60                welcome
 .text          0x0000000008001c2c      0x21c /opt/devkitpro/libtonc/lib/libtonc.a(tonc_bmp16.o)
                0x0000000008001c2c                bmp16_plot
                0x0000000008001c40                bmp16_hline
                0x0000000008001c70                bmp16_vline
                0x0000000008001cb0                bmp16_line
                0x0000000008001d6c                bmp16_rect
                0x0000000008001dc8                bmp16_frame
 .text          0x0000000008001e48      0x33c /opt/devkitpro/libtonc/lib/libtonc.a(tonc_obj_affine.o)
                0x0000000008001e48                obj_aff_copy
                0x0000000008001e78                obj_aff_rotate
                0x0000000008001ea4                obj_aff_rotscale
                0x0000000008001ee4                obj_aff_premul
                0x0000000008001f68                obj_aff_postmul
                0x0000000008001fec                obj_aff_rotscale2
                0x000000000800203c                obj_rotscale_ex
 .text          0x0000000008002184      0x1c4 /opt/devkitpro/libtonc/lib/libtonc.a(tonc_core.o)
                0x0000000008002184                tonccpy
                0x0000000008002234                __toncset
                0x00000000080022c4                sqran
                0x00000000080022d4                octant
                0x00000000080022f4                octant_rot
 .text          0x0000000008002348       0xbc /opt/devkitpro/libtonc/lib/libtonc.a(tonc_oam.o)
                0x0000000008002348                oam_init
                0x0000000008002390                obj_copy
                0x00000000080023b0                obj_hide_multi
                0x00000000080023d8                obj_unhide_multi
 .text          0x0000000008002404       0xa8 /opt/devkitpro/libtonc/lib/libtonc.a(tonc_input.o)
                0x0000000008002404                key_poll
                0x0000000008002458                key_wait_till_hit
                0x000000000800247c                key_repeat
                0x0000000008002488                key_repeat_mask
                0x0000000008002498                key_repeat_limits
 .text          0x00000000080024ac      0x958 /opt/devkitpro/libtonc/lib/libtonc.a(tte_main.o)
                0x00000000080024ac                dummy_drawg
                0x00000000080024b0                dummy_erase
                0x00000000080024b4                tte_set_context
                0x00000000080024cc                tte_set_color_attr
                0x00000000080024dc                tte_set_color_attrs
                0x00000000080024f8                tte_set_color
                0x0000000008002518                tte_set_colors
                0x0000000008002558                tte_init_base
                0x00000000080025ec                utf8_decode_char
                0x00000000080026a0                tte_cmd_skip
                0x00000000080026b0                tte_cmd_next
                0x00000000080026e8                tte_putc
                0x0000000008002738                tte_erase_rect
                0x0000000008002754                tte_erase_screen
                0x0000000008002778                tte_erase_line
                0x00000000080027a0                tte_cmd_default
                0x0000000008002bf4                tte_write
                0x0000000008002ce0                tte_write_ex
                0x0000000008002d10                tte_get_text_size
                0x0000000008002de4                tte_set_margins
 .text          0x0000000008002e04      0x354 /opt/devkitpro/libtonc/lib/libtonc.a(tte_iohook.o)
                0x0000000008002e04                tte_con_nocash
                0x0000000008002e70                tte_init_con
                0x0000000008002eb4                tte_cmd_vt100
                0x000000000800300c                tte_con_write
 .text          0x0000000008003158      0x164 /opt/devkitpro/libtonc/lib/libtonc.a(tte_init_se.o)
                0x0000000008003158                tte_init_se
 .text          0x00000000080032bc      0x134 /opt/devkitpro/libtonc/lib/libtonc.a(tte_init_bmp.o)
                0x00000000080032bc                bmp8_erase
                0x00000000080032e4                bmp16_erase
                0x000000000800330c                tte_init_bmp
 .text          0x00000000080033f0      0x21c /opt/devkitpro/libtonc/lib/libtonc.a(bmp8_drawg_b1cs.o)
                0x00000000080033f0                bmp8_drawg_b1cts
                0x00000000080034ec                bmp8_drawg_b1cos
 .text          0x000000000800360c       0x8c /opt/devkitpro/libtonc/lib/libtonc.a(tonc_bios.o)
                0x000000000800360c                SoftReset
                0x0000000008003610                RegisterRamReset
                0x0000000008003614                Halt
                0x0000000008003618                Stop
                0x000000000800361c                IntrWait
                0x0000000008003620                VBlankIntrWait
                0x0000000008003624                Div
                0x0000000008003628                DivArm
                0x000000000800362c                Sqrt
                0x0000000008003630                ArcTan
                0x0000000008003634                ArcTan2
                0x0000000008003638                CpuSet
                0x000000000800363c                CpuFastSet
                0x0000000008003640                BiosCheckSum
                0x0000000008003644                BgAffineSet
                0x0000000008003648                ObjAffineSet
                0x000000000800364c                BitUnPack
                0x0000000008003650                LZ77UnCompWram
                0x0000000008003654                LZ77UnCompVram
                0x0000000008003658                HuffUnComp
                0x000000000800365c                RLUnCompWram
                0x0000000008003660                RLUnCompVram
                0x0000000008003664                Diff8bitUnFilterWram
                0x0000000008003668                Diff8bitUnFilterVram
                0x000000000800366c                Diff16bitUnFilter
                0x0000000008003670                SoundBias
                0x0000000008003674                SoundDriverInit
                0x0000000008003678                SoundDriverMode
                0x000000000800367c                SoundDriverMain
                0x0000000008003680                SoundDriverVSync
                0x0000000008003684                SoundChannelClear
                0x0000000008003688                MidiKey2Freq
                0x000000000800368c                MultiBoot
                0x0000000008003690                SoundDriverVSyncOff
                0x0000000008003694                SoundDriverVSyncOn
 .text          0x0000000008003698       0x44 /opt/devkitpro/libtonc/lib/libtonc.a(tonc_memcpy.o)
                0x0000000008003698                memcpy16
 .text          0x00000000080036dc       0x54 /opt/devkitpro/libtonc/lib/libtonc.a(tonc_bios_ex.o)
                0x00000000080036dc                VBlankIntrDelay
                0x00000000080036ec                DivSafe
                0x0000000008003700                Mod
                0x0000000008003708                DivAbs
                0x0000000008003710                DivArmMod
                0x0000000008003718                DivArmAbs
                0x0000000008003720                CpuFastFill
 .text          0x0000000008003730       0x3c /opt/devkitpro/libtonc/lib/libtonc.a(tonc_memset.o)
                0x0000000008003730                memset16
 .text          0x000000000800376c      0x5bc /opt/devkitpro/libtonc/lib/libtonc.a(tonc_sbmp8.o)
                0x000000000800376c                sbmp8_get_pixel
                0x000000000800377c                sbmp8_plot
                0x00000000080037b8                sbmp8_vline
                0x0000000008003824                sbmp8_hline
                0x0000000008003860                sbmp8_line
                0x0000000008003998                sbmp8_blit
                0x0000000008003acc                sbmp8_rect
                0x0000000008003b34                sbmp8_frame
                0x0000000008003bf8                sbmp8_floodfill_internal
                0x0000000008003d00                sbmp8_floodfill
 .text          0x0000000008003d28      0x16c /opt/devkitpro/libtonc/lib/libtonc.a(tonc_surface.o)
                0x0000000008003d28                srf_init
                0x0000000008003df0                srf_pal_copy
                0x0000000008003e18                srf_get_ptr
 .text          0x0000000008003e94      0x4cc /opt/devkitpro/libtonc/lib/libtonc.a(tonc_sbmp16.o)
                0x0000000008003e94                sbmp16_get_pixel
                0x0000000008003ea4                sbmp16_plot
                0x0000000008003eb8                sbmp16_vline
                0x0000000008003ef0                sbmp16_line
                0x0000000008003fac                sbmp16_hline
                0x0000000008003fdc                sbmp16_blit
                0x0000000008004124                sbmp16_rect
                0x0000000008004190                sbmp16_frame
                0x0000000008004220                sbmp16_floodfill_internal
                0x0000000008004334                sbmp16_floodfill
 .text          0x0000000008004360      0x170 /opt/devkitpro/libtonc/lib/libtonc.a(bmp16_drawg_b1cs.o)
                0x0000000008004360                bmp16_drawg_b1cts
                0x000000000800440c                bmp16_drawg_b1cos
 .text          0x00000000080044d0      0x174 /opt/devkitpro/libtonc/lib/libtonc.a(se_drawg.o)
                0x00000000080044d0                se_erase
                0x00000000080044fc                se_drawg_w8h8
                0x000000000800452c                se_drawg_w8h16
                0x000000000800456c                se_drawg
                0x00000000080045d8                se_drawg_s
 .text          0x0000000008004644      0x11c /opt/devkitpro/devkitARM/bin/../lib/gcc/arm-none-eabi/11.1.0/thumb/libgcc.a(_udivsi3.o)
                0x0000000008004644                __udivsi3
                0x0000000008004644                __aeabi_uidiv
                0x0000000008004740                __aeabi_uidivmod
 .text          0x0000000008004760      0x150 /opt/devkitpro/devkitARM/bin/../lib/gcc/arm-none-eabi/11.1.0/thumb/libgcc.a(_divsi3.o)
                0x0000000008004760                __aeabi_idiv
                0x0000000008004760                __divsi3
                0x0000000008004890                __aeabi_idivmod
 .text          0x00000000080048b0        0x4 /opt/devkitpro/devkitARM/bin/../lib/gcc/arm-none-eabi/11.1.0/thumb/libgcc.a(_dvmd_tls.o)
                0x00000000080048b0                __aeabi_ldiv0
                0x00000000080048b0                __aeabi_idiv0
 .text          0x00000000080048b4      0x2ac /opt/devkitpro/devkitARM/bin/../lib/gcc/arm-none-eabi/11.1.0/thumb/libgcc.a(_arm_addsubsf3.o)
                0x00000000080048b4                __aeabi_frsub
                0x00000000080048bc                __aeabi_fsub
                0x00000000080048bc                __subsf3
                0x00000000080048c0                __aeabi_fadd
                0x00000000080048c0                __addsf3
                0x0000000008004a7c                __aeabi_ui2f
                0x0000000008004a7c                __floatunsisf
                0x0000000008004a84                __floatsisf
                0x0000000008004a84                __aeabi_i2f
                0x0000000008004aa4                __aeabi_ul2f
                0x0000000008004aa4                __floatundisf
                0x0000000008004ab4                __aeabi_l2f
                0x0000000008004ab4                __floatdisf
 .text          0x0000000008004b60      0x2f8 /opt/devkitpro/devkitARM/bin/../lib/gcc/arm-none-eabi/11.1.0/thumb/libgcc.a(_arm_muldivsf3.o)
                0x0000000008004b60                __mulsf3
                0x0000000008004b60                __aeabi_fmul
                0x0000000008004cf8                __divsf3
                0x0000000008004cf8                __aeabi_fdiv
 .text          0x0000000008004e58      0x114 /opt/devkitpro/devkitARM/bin/../lib/gcc/arm-none-eabi/11.1.0/thumb/libgcc.a(_arm_cmpsf2.o)
                0x0000000008004e58                __gesf2
                0x0000000008004e58                __gtsf2
                0x0000000008004e60                __ltsf2
                0x0000000008004e60                __lesf2
                0x0000000008004e68                __nesf2
                0x0000000008004e68                __eqsf2
                0x0000000008004e68                __cmpsf2
                0x0000000008004ecc                __aeabi_cfrcmple
                0x0000000008004edc                __aeabi_cfcmpeq
                0x0000000008004edc                __aeabi_cfcmple
                0x0000000008004ef4                __aeabi_fcmpeq
                0x0000000008004f0c                __aeabi_fcmplt
                0x0000000008004f24                __aeabi_fcmple
                0x0000000008004f3c                __aeabi_fcmpge
                0x0000000008004f54                __aeabi_fcmpgt
 .text          0x0000000008004f6c       0x5c /opt/devkitpro/devkitARM/bin/../lib/gcc/arm-none-eabi/11.1.0/thumb/libgcc.a(_arm_fixsfsi.o)
                0x0000000008004f6c                __fixsfsi
                0x0000000008004f6c                __aeabi_f2iz
 .text.__libc_init_array
                0x0000000008004fc8       0x50 /opt/devkitpro/devkitARM/bin/../lib/gcc/arm-none-eabi/11.1.0/../../../../arm-none-eabi/lib/thumb/libg.a(lib_a-init.o)
                0x0000000008004fc8                __libc_init_array
 .text.iprintf  0x0000000008005018       0x24 /opt/devkitpro/devkitARM/bin/../lib/gcc/arm-none-eabi/11.1.0/../../../../arm-none-eabi/lib/thumb/libg.a(lib_a-iprintf.o)
                0x0000000008005018                iprintf
 .text.memcpy   0x000000000800503c       0xa8 /opt/devkitpro/devkitARM/bin/../lib/gcc/arm-none-eabi/11.1.0/../../../../arm-none-eabi/lib/thumb/libg.a(lib_a-memcpy-stub.o)
                0x000000000800503c                memcpy
 .text.memset   0x00000000080050e4       0xb0 /opt/devkitpro/devkitARM/bin/../lib/gcc/arm-none-eabi/11.1.0/../../../../arm-none-eabi/lib/thumb/libg.a(lib_a-memset.o)
                0x00000000080050e4                memset
 .text.setvbuf  0x0000000008005194      0x1ac /opt/devkitpro/devkitARM/bin/../lib/gcc/arm-none-eabi/11.1.0/../../../../arm-none-eabi/lib/thumb/libg.a(lib_a-setvbuf.o)
                0x0000000008005194                setvbuf
 .text.siscanf  0x0000000008005340       0x4c /opt/devkitpro/devkitARM/bin/../lib/gcc/arm-none-eabi/11.1.0/../../../../arm-none-eabi/lib/thumb/libg.a(lib_a-siscanf.o)
                0x0000000008005340                siscanf
 .text.__sread  0x000000000800538c       0x34 /opt/devkitpro/devkitARM/bin/../lib/gcc/arm-none-eabi/11.1.0/../../../../arm-none-eabi/lib/thumb/libg.a(lib_a-stdio.o)
                0x000000000800538c                __sread
 .text.__seofread
                0x00000000080053c0        0x4 /opt/devkitpro/devkitARM/bin/../lib/gcc/arm-none-eabi/11.1.0/../../../../arm-none-eabi/lib/thumb/libg.a(lib_a-stdio.o)
                0x00000000080053c0                __seofread
 .text.__swrite
                0x00000000080053c4       0x4c /opt/devkitpro/devkitARM/bin/../lib/gcc/arm-none-eabi/11.1.0/../../../../arm-none-eabi/lib/thumb/libg.a(lib_a-stdio.o)
                0x00000000080053c4                __swrite
 .text.__sseek  0x0000000008005410       0x40 /opt/devkitpro/devkitARM/bin/../lib/gcc/arm-none-eabi/11.1.0/../../../../arm-none-eabi/lib/thumb/libg.a(lib_a-stdio.o)
                0x0000000008005410                __sseek
 .text.__sclose
                0x0000000008005450       0x10 /opt/devkitpro/devkitARM/bin/../lib/gcc/arm-none-eabi/11.1.0/../../../../arm-none-eabi/lib/thumb/libg.a(lib_a-stdio.o)
                0x0000000008005450                __sclose
 .text.strlen   0x0000000008005460       0x60 /opt/devkitpro/devkitARM/bin/../lib/gcc/arm-none-eabi/11.1.0/../../../../arm-none-eabi/lib/thumb/libg.a(lib_a-strlen-stub.o)
                0x0000000008005460                strlen
 .text.strncpy  0x00000000080054c0       0x74 /opt/devkitpro/devkitARM/bin/../lib/gcc/arm-none-eabi/11.1.0/../../../../arm-none-eabi/lib/thumb/libg.a(lib_a-strncpy.o)
                0x00000000080054c0                strncpy
 .text._strtol_l.part.0
                0x0000000008005534      0x144 /opt/devkitpro/devkitARM/bin/../lib/gcc/arm-none-eabi/11.1.0/../../../../arm-none-eabi/lib/thumb/libg.a(lib_a-strtol.o)
 .text._strtol_r
                0x0000000008005678       0x20 /opt/devkitpro/devkitARM/bin/../lib/gcc/arm-none-eabi/11.1.0/../../../../arm-none-eabi/lib/thumb/libg.a(lib_a-strtol.o)
                0x0000000008005678                _strtol_r
 .text.strtol   0x0000000008005698       0x30 /opt/devkitpro/devkitARM/bin/../lib/gcc/arm-none-eabi/11.1.0/../../../../arm-none-eabi/lib/thumb/libg.a(lib_a-strtol.o)
                0x0000000008005698                strtol
 .text.get_arg  0x00000000080056c8       0x32 /opt/devkitpro/devkitARM/bin/../lib/gcc/arm-none-eabi/11.1.0/../../../../arm-none-eabi/lib/thumb/libg.a(lib_a-svfiscanf.o)
 .text._sungetc_r
                0x00000000080056fa       0x7e /opt/devkitpro/devkitARM/bin/../lib/gcc/arm-none-eabi/11.1.0/../../../../arm-none-eabi/lib/thumb/libg.a(lib_a-svfiscanf.o)
                0x00000000080056fa                _sungetc_r
 .text.__ssrefill_r
                0x0000000008005778       0x42 /opt/devkitpro/devkitARM/bin/../lib/gcc/arm-none-eabi/11.1.0/../../../../arm-none-eabi/lib/thumb/libg.a(lib_a-svfiscanf.o)
                0x0000000008005778                __ssrefill_r
 .text._sfread_r
                0x00000000080057ba       0x88 /opt/devkitpro/devkitARM/bin/../lib/gcc/arm-none-eabi/11.1.0/../../../../arm-none-eabi/lib/thumb/libg.a(lib_a-svfiscanf.o)
                0x00000000080057ba                _sfread_r
 *fill*         0x0000000008005842        0x2 ff
 .text.__ssvfiscanf_r
                0x0000000008005844     0x1a04 /opt/devkitpro/devkitARM/bin/../lib/gcc/arm-none-eabi/11.1.0/../../../../arm-none-eabi/lib/thumb/libg.a(lib_a-svfiscanf.o)
                0x0000000008005844                __ssvfiscanf_r
 .text.__submore
                0x0000000008007248       0x88 /opt/devkitpro/devkitARM/bin/../lib/gcc/arm-none-eabi/11.1.0/../../../../arm-none-eabi/lib/thumb/libg.a(lib_a-ungetc.o)
                0x0000000008007248                __submore
 .text.get_arg  0x00000000080072d0      0x400 /opt/devkitpro/devkitARM/bin/../lib/gcc/arm-none-eabi/11.1.0/../../../../arm-none-eabi/lib/thumb/libg.a(lib_a-vfiprintf.o)
 .text.__sprint_r
                0x00000000080076d0       0x24 /opt/devkitpro/devkitARM/bin/../lib/gcc/arm-none-eabi/11.1.0/../../../../arm-none-eabi/lib/thumb/libg.a(lib_a-vfiprintf.o)
                0x00000000080076d0                __sprint_r
 .text._vfiprintf_r
                0x00000000080076f4     0x1710 /opt/devkitpro/devkitARM/bin/../lib/gcc/arm-none-eabi/11.1.0/../../../../arm-none-eabi/lib/thumb/libg.a(lib_a-vfiprintf.o)
                0x00000000080076f4                _vfiprintf_r
 .text.__sbprintf
                0x0000000008008e04       0x8c /opt/devkitpro/devkitARM/bin/../lib/gcc/arm-none-eabi/11.1.0/../../../../arm-none-eabi/lib/thumb/libg.a(lib_a-vfiprintf.o)
 .text._wcrtomb_r
                0x0000000008008e90       0x5c /opt/devkitpro/devkitARM/bin/../lib/gcc/arm-none-eabi/11.1.0/../../../../arm-none-eabi/lib/thumb/libg.a(lib_a-wcrtomb.o)
                0x0000000008008e90                _wcrtomb_r
 .text._wcsrtombs_r
                0x0000000008008eec       0x1c /opt/devkitpro/devkitARM/bin/../lib/gcc/arm-none-eabi/11.1.0/../../../../arm-none-eabi/lib/thumb/libg.a(lib_a-wcsrtombs.o)
                0x0000000008008eec                _wcsrtombs_r
 .text.__swsetup_r
                0x0000000008008f08       0xe4 /opt/devkitpro/devkitARM/bin/../lib/gcc/arm-none-eabi/11.1.0/../../../../arm-none-eabi/lib/thumb/libg.a(lib_a-wsetup.o)
                0x0000000008008f08                __swsetup_r
 .text.__errno  0x0000000008008fec        0xc /opt/devkitpro/devkitARM/bin/../lib/gcc/arm-none-eabi/11.1.0/../../../../arm-none-eabi/lib/thumb/libg.a(lib_a-errno.o)
                0x0000000008008fec                __errno
 .text.__sflush_r
                0x0000000008008ff8      0x1c0 /opt/devkitpro/devkitARM/bin/../lib/gcc/arm-none-eabi/11.1.0/../../../../arm-none-eabi/lib/thumb/libg.a(lib_a-fflush.o)
                0x0000000008008ff8                __sflush_r
 .text._fflush_r
                0x00000000080091b8       0x70 /opt/devkitpro/devkitARM/bin/../lib/gcc/arm-none-eabi/11.1.0/../../../../arm-none-eabi/lib/thumb/libg.a(lib_a-fflush.o)
                0x00000000080091b8                _fflush_r
 .text._cleanup_r
                0x0000000008009228       0x14 /opt/devkitpro/devkitARM/bin/../lib/gcc/arm-none-eabi/11.1.0/../../../../arm-none-eabi/lib/thumb/libg.a(lib_a-findfp.o)
                0x0000000008009228                _cleanup_r
 .text.__sinit  0x000000000800923c      0x124 /opt/devkitpro/devkitARM/bin/../lib/gcc/arm-none-eabi/11.1.0/../../../../arm-none-eabi/lib/thumb/libg.a(lib_a-findfp.o)
                0x000000000800923c                __sinit
 .text.__sfp_lock_acquire
                0x0000000008009360       0x14 /opt/devkitpro/devkitARM/bin/../lib/gcc/arm-none-eabi/11.1.0/../../../../arm-none-eabi/lib/thumb/libg.a(lib_a-findfp.o)
                0x0000000008009360                __sfp_lock_acquire
 .text.__sfp_lock_release
                0x0000000008009374       0x14 /opt/devkitpro/devkitARM/bin/../lib/gcc/arm-none-eabi/11.1.0/../../../../arm-none-eabi/lib/thumb/libg.a(lib_a-findfp.o)
                0x0000000008009374                __sfp_lock_release
 .text._malloc_trim_r
                0x0000000008009388       0xa0 /opt/devkitpro/devkitARM/bin/../lib/gcc/arm-none-eabi/11.1.0/../../../../arm-none-eabi/lib/thumb/libg.a(lib_a-freer.o)
                0x0000000008009388                _malloc_trim_r
 .text._free_r  0x0000000008009428      0x1d8 /opt/devkitpro/devkitARM/bin/../lib/gcc/arm-none-eabi/11.1.0/../../../../arm-none-eabi/lib/thumb/libg.a(lib_a-freer.o)
                0x0000000008009428                _free_r
 .text.__sfvwrite_r
                0x0000000008009600      0x34c /opt/devkitpro/devkitARM/bin/../lib/gcc/arm-none-eabi/11.1.0/../../../../arm-none-eabi/lib/thumb/libg.a(lib_a-fvwrite.o)
                0x0000000008009600                __sfvwrite_r
 .text._fwalk_reent
                0x000000000800994c       0x50 /opt/devkitpro/devkitARM/bin/../lib/gcc/arm-none-eabi/11.1.0/../../../../arm-none-eabi/lib/thumb/libg.a(lib_a-fwalk.o)
                0x000000000800994c                _fwalk_reent
 .text.iswspace
                0x000000000800999c       0x10 /opt/devkitpro/devkitARM/bin/../lib/gcc/arm-none-eabi/11.1.0/../../../../arm-none-eabi/lib/thumb/libg.a(lib_a-iswspace.o)
                0x000000000800999c                iswspace
 .text._localeconv_r
                0x00000000080099ac        0x8 /opt/devkitpro/devkitARM/bin/../lib/gcc/arm-none-eabi/11.1.0/../../../../arm-none-eabi/lib/thumb/libg.a(lib_a-localeconv.o)
                0x00000000080099ac                _localeconv_r
 .text.__locale_mb_cur_max
                0x00000000080099b4       0x10 /opt/devkitpro/devkitARM/bin/../lib/gcc/arm-none-eabi/11.1.0/../../../../arm-none-eabi/lib/thumb/libg.a(lib_a-locale.o)
                0x00000000080099b4                __locale_mb_cur_max
 .text.__smakebuf_r
                0x00000000080099c4       0xec /opt/devkitpro/devkitARM/bin/../lib/gcc/arm-none-eabi/11.1.0/../../../../arm-none-eabi/lib/thumb/libg.a(lib_a-makebuf.o)
                0x00000000080099c4                __smakebuf_r
 .text.__swhatbuf_r
                0x0000000008009ab0       0x5c /opt/devkitpro/devkitARM/bin/../lib/gcc/arm-none-eabi/11.1.0/../../../../arm-none-eabi/lib/thumb/libg.a(lib_a-makebuf.o)
                0x0000000008009ab0                __swhatbuf_r
 .text.malloc   0x0000000008009b0c       0x14 /opt/devkitpro/devkitARM/bin/../lib/gcc/arm-none-eabi/11.1.0/../../../../arm-none-eabi/lib/thumb/libg.a(lib_a-malloc.o)
                0x0000000008009b0c                malloc
 .text.free     0x0000000008009b20       0x14 /opt/devkitpro/devkitARM/bin/../lib/gcc/arm-none-eabi/11.1.0/../../../../arm-none-eabi/lib/thumb/libg.a(lib_a-malloc.o)
                0x0000000008009b20                free
 .text._malloc_r
                0x0000000008009b34      0x58c /opt/devkitpro/devkitARM/bin/../lib/gcc/arm-none-eabi/11.1.0/../../../../arm-none-eabi/lib/thumb/libg.a(lib_a-mallocr.o)
                0x0000000008009b34                _malloc_r
 .text._mbrtowc_r
                0x000000000800a0c0       0x60 /opt/devkitpro/devkitARM/bin/../lib/gcc/arm-none-eabi/11.1.0/../../../../arm-none-eabi/lib/thumb/libg.a(lib_a-mbrtowc.o)
                0x000000000800a0c0                _mbrtowc_r
 .text.__utf8_mbtowc
                0x000000000800a120      0x294 /opt/devkitpro/devkitARM/bin/../lib/gcc/arm-none-eabi/11.1.0/../../../../arm-none-eabi/lib/thumb/libg.a(lib_a-mbtowc_r.o)
                0x000000000800a120                __utf8_mbtowc
 .text.memchr   0x000000000800a3b4       0x78 /opt/devkitpro/devkitARM/bin/../lib/gcc/arm-none-eabi/11.1.0/../../../../arm-none-eabi/lib/thumb/libg.a(lib_a-memchr-stub.o)
                0x000000000800a3b4                memchr
 .text.memmove  0x000000000800a42c       0xbc /opt/devkitpro/devkitARM/bin/../lib/gcc/arm-none-eabi/11.1.0/../../../../arm-none-eabi/lib/thumb/libg.a(lib_a-memmove.o)
                0x000000000800a42c                memmove
 .text.__malloc_lock
                0x000000000800a4e8       0x14 /opt/devkitpro/devkitARM/bin/../lib/gcc/arm-none-eabi/11.1.0/../../../../arm-none-eabi/lib/thumb/libg.a(lib_a-mlock.o)
                0x000000000800a4e8                __malloc_lock
 .text.__malloc_unlock
                0x000000000800a4fc       0x14 /opt/devkitpro/devkitARM/bin/../lib/gcc/arm-none-eabi/11.1.0/../../../../arm-none-eabi/lib/thumb/libg.a(lib_a-mlock.o)
                0x000000000800a4fc                __malloc_unlock
 .text.realloc  0x000000000800a510       0x18 /opt/devkitpro/devkitARM/bin/../lib/gcc/arm-none-eabi/11.1.0/../../../../arm-none-eabi/lib/thumb/libg.a(lib_a-realloc.o)
                0x000000000800a510                realloc
 .text._realloc_r
                0x000000000800a528      0x380 /opt/devkitpro/devkitARM/bin/../lib/gcc/arm-none-eabi/11.1.0/../../../../arm-none-eabi/lib/thumb/libg.a(lib_a-reallocr.o)
                0x000000000800a528                _realloc_r
 .text.__sccl   0x000000000800a8a8       0x90 /opt/devkitpro/devkitARM/bin/../lib/gcc/arm-none-eabi/11.1.0/../../../../arm-none-eabi/lib/thumb/libg.a(lib_a-sccl.o)
                0x000000000800a8a8                __sccl
 .text          0x000000000800a938      0x224 /opt/devkitpro/devkitARM/bin/../lib/gcc/arm-none-eabi/11.1.0/../../../../arm-none-eabi/lib/thumb/libg.a(lib_a-strcmp.o)
                0x000000000800a938                strcmp
 .text._strtoll_l.constprop.0
                0x000000000800ab5c      0x1a4 /opt/devkitpro/devkitARM/bin/../lib/gcc/arm-none-eabi/11.1.0/../../../../arm-none-eabi/lib/thumb/libg.a(lib_a-strtoll.o)
 .text._strtoll_r
                0x000000000800ad00        0xc /opt/devkitpro/devkitARM/bin/../lib/gcc/arm-none-eabi/11.1.0/../../../../arm-none-eabi/lib/thumb/libg.a(lib_a-strtoll.o)
                0x000000000800ad00                _strtoll_r
 .text._strtoull_l.constprop.0
                0x000000000800ad0c      0x1c0 /opt/devkitpro/devkitARM/bin/../lib/gcc/arm-none-eabi/11.1.0/../../../../arm-none-eabi/lib/thumb/libg.a(lib_a-strtoull.o)
 .text._strtoull_r
                0x000000000800aecc        0xc /opt/devkitpro/devkitARM/bin/../lib/gcc/arm-none-eabi/11.1.0/../../../../arm-none-eabi/lib/thumb/libg.a(lib_a-strtoull.o)
                0x000000000800aecc                _strtoull_r
 .text._strtoul_l.constprop.0
                0x000000000800aed8      0x148 /opt/devkitpro/devkitARM/bin/../lib/gcc/arm-none-eabi/11.1.0/../../../../arm-none-eabi/lib/thumb/libg.a(lib_a-strtoul.o)
 .text._strtoul_r
                0x000000000800b020        0xc /opt/devkitpro/devkitARM/bin/../lib/gcc/arm-none-eabi/11.1.0/../../../../arm-none-eabi/lib/thumb/libg.a(lib_a-strtoul.o)
                0x000000000800b020                _strtoul_r
 .text._wcsnrtombs_l
                0x000000000800b02c      0x110 /opt/devkitpro/devkitARM/bin/../lib/gcc/arm-none-eabi/11.1.0/../../../../arm-none-eabi/lib/thumb/libg.a(lib_a-wcsnrtombs.o)
                0x000000000800b02c                _wcsnrtombs_l
 .text._wcsnrtombs_r
                0x000000000800b13c       0x30 /opt/devkitpro/devkitARM/bin/../lib/gcc/arm-none-eabi/11.1.0/../../../../arm-none-eabi/lib/thumb/libg.a(lib_a-wcsnrtombs.o)
                0x000000000800b13c                _wcsnrtombs_r
 .text.__utf8_wctomb
                0x000000000800b16c       0xb4 /opt/devkitpro/devkitARM/bin/../lib/gcc/arm-none-eabi/11.1.0/../../../../arm-none-eabi/lib/thumb/libg.a(lib_a-wctomb_r.o)
                0x000000000800b16c                __utf8_wctomb
 .text._fclose_r
                0x000000000800b220       0xe8 /opt/devkitpro/devkitARM/bin/../lib/gcc/arm-none-eabi/11.1.0/../../../../arm-none-eabi/lib/thumb/libg.a(lib_a-fclose.o)
                0x000000000800b220                _fclose_r
 .text.iswspace_l
                0x000000000800b308       0x2c /opt/devkitpro/devkitARM/bin/../lib/gcc/arm-none-eabi/11.1.0/../../../../arm-none-eabi/lib/thumb/libg.a(lib_a-iswspace_l.o)
                0x000000000800b308                iswspace_l
 .text.__jp2uc  0x000000000800b334      0x154 /opt/devkitpro/devkitARM/bin/../lib/gcc/arm-none-eabi/11.1.0/../../../../arm-none-eabi/lib/thumb/libg.a(lib_a-jp2uc.o)
 .text._jp2uc_l
                0x000000000800b488       0x6c /opt/devkitpro/devkitARM/bin/../lib/gcc/arm-none-eabi/11.1.0/../../../../arm-none-eabi/lib/thumb/libg.a(lib_a-jp2uc.o)
                0x000000000800b488                _jp2uc_l
 .text.category
                0x000000000800b4f4       0x54 /opt/devkitpro/devkitARM/bin/../lib/gcc/arm-none-eabi/11.1.0/../../../../arm-none-eabi/lib/thumb/libg.a(lib_a-categories.o)
                0x000000000800b4f4                category
 .text.null_write
                0x000000000800b548        0x4 /opt/devkitpro/devkitARM/bin/../lib/gcc/arm-none-eabi/11.1.0/../../../../arm-none-eabi/lib/thumb/libsysbase.a(iosupport.o)
 .text._fstat_r
                0x000000000800b54c       0x4c /opt/devkitpro/devkitARM/bin/../lib/gcc/arm-none-eabi/11.1.0/../../../../arm-none-eabi/lib/thumb/libsysbase.a(fstat.o)
                0x000000000800b54c                _fstat_r
 .text._isatty_r
                0x000000000800b598        0x4 /opt/devkitpro/devkitARM/bin/../lib/gcc/arm-none-eabi/11.1.0/../../../../arm-none-eabi/lib/thumb/libsysbase.a(isatty.o)
                0x000000000800b598                _isatty_r
 .text._lseek_r
                0x000000000800b59c       0x5c /opt/devkitpro/devkitARM/bin/../lib/gcc/arm-none-eabi/11.1.0/../../../../arm-none-eabi/lib/thumb/libsysbase.a(lseek.o)
                0x000000000800b59c                _lseek_r
 .text._read_r  0x000000000800b5f8       0x50 /opt/devkitpro/devkitARM/bin/../lib/gcc/arm-none-eabi/11.1.0/../../../../arm-none-eabi/lib/thumb/libsysbase.a(read.o)
                0x000000000800b5f8                _read_r
 .text._sbrk_r  0x000000000800b648       0x54 /opt/devkitpro/devkitARM/bin/../lib/gcc/arm-none-eabi/11.1.0/../../../../arm-none-eabi/lib/thumb/libsysbase.a(sbrk.o)
                0x000000000800b648                _sbrk_r
 .text._write_r
                0x000000000800b69c       0x50 /opt/devkitpro/devkitARM/bin/../lib/gcc/arm-none-eabi/11.1.0/../../../../arm-none-eabi/lib/thumb/libsysbase.a(write.o)
                0x000000000800b69c                _write_r
 .text.__flockfile
                0x000000000800b6ec       0x10 /opt/devkitpro/devkitARM/bin/../lib/gcc/arm-none-eabi/11.1.0/../../../../arm-none-eabi/lib/thumb/libsysbase.a(flock.o)
                0x000000000800b6ec                __flockfile
 .text.__funlockfile
                0x000000000800b6fc       0x10 /opt/devkitpro/devkitARM/bin/../lib/gcc/arm-none-eabi/11.1.0/../../../../arm-none-eabi/lib/thumb/libsysbase.a(flock.o)
                0x000000000800b6fc                __funlockfile
 .text.__libc_lock_acquire
                0x000000000800b70c       0x1c /opt/devkitpro/devkitARM/bin/../lib/gcc/arm-none-eabi/11.1.0/../../../../arm-none-eabi/lib/thumb/libsysbase.a(syscall_support.o)
                0x000000000800b70c                __libc_lock_acquire
 .text.__libc_lock_release
                0x000000000800b728       0x1c /opt/devkitpro/devkitARM/bin/../lib/gcc/arm-none-eabi/11.1.0/../../../../arm-none-eabi/lib/thumb/libsysbase.a(syscall_support.o)
                0x000000000800b728                __libc_lock_release
 .text.__libc_lock_init_recursive
                0x000000000800b744       0x1c /opt/devkitpro/devkitARM/bin/../lib/gcc/arm-none-eabi/11.1.0/../../../../arm-none-eabi/lib/thumb/libsysbase.a(syscall_support.o)
                0x000000000800b744                __libc_lock_init_recursive
 .text.__libc_lock_acquire_recursive
                0x000000000800b760       0x1c /opt/devkitpro/devkitARM/bin/../lib/gcc/arm-none-eabi/11.1.0/../../../../arm-none-eabi/lib/thumb/libsysbase.a(syscall_support.o)
                0x000000000800b760                __libc_lock_acquire_recursive
 .text.__libc_lock_release_recursive
                0x000000000800b77c       0x1c /opt/devkitpro/devkitARM/bin/../lib/gcc/arm-none-eabi/11.1.0/../../../../arm-none-eabi/lib/thumb/libsysbase.a(syscall_support.o)
                0x000000000800b77c                __libc_lock_release_recursive
 .text.__libc_lock_close_recursive
                0x000000000800b798       0x1c /opt/devkitpro/devkitARM/bin/../lib/gcc/arm-none-eabi/11.1.0/../../../../arm-none-eabi/lib/thumb/libsysbase.a(syscall_support.o)
                0x000000000800b798                __libc_lock_close_recursive
 .text.__get_handle
                0x000000000800b7b4       0x34 /opt/devkitpro/devkitARM/bin/../lib/gcc/arm-none-eabi/11.1.0/../../../../arm-none-eabi/lib/thumb/libsysbase.a(handle_manager.o)
                0x000000000800b7b4                __get_handle
 .text._close_r
                0x000000000800b7e8       0xb8 /opt/devkitpro/devkitARM/bin/../lib/gcc/arm-none-eabi/11.1.0/../../../../arm-none-eabi/lib/thumb/libsysbase.a(handle_manager.o)
                0x000000000800b7e8                _close_r
 .text.__getreent
                0x000000000800b8a0       0x28 /opt/devkitpro/devkitARM/bin/../lib/gcc/arm-none-eabi/11.1.0/../../../../arm-none-eabi/lib/thumb/libsysbase.a(getreent.o)
                0x000000000800b8a0                __getreent
 .text          0x000000000800b8c8       0x14 /opt/devkitpro/devkitARM/bin/../lib/gcc/arm-none-eabi/11.1.0/thumb/libgcc.a(_thumb1_case_uqi.o)
                0x000000000800b8c8                __gnu_thumb1_case_uqi
 .text          0x000000000800b8dc       0x14 /opt/devkitpro/devkitARM/bin/../lib/gcc/arm-none-eabi/11.1.0/thumb/libgcc.a(_thumb1_case_uhi.o)
                0x000000000800b8dc                __gnu_thumb1_case_uhi
 .text          0x000000000800b8f0       0x3c /opt/devkitpro/devkitARM/bin/../lib/gcc/arm-none-eabi/11.1.0/thumb/libgcc.a(_aeabi_uldivmod.o)
                0x000000000800b8f0                __aeabi_uldivmod
 .text.__muldi3
                0x000000000800b92c       0x54 /opt/devkitpro/devkitARM/bin/../lib/gcc/arm-none-eabi/11.1.0/thumb/libgcc.a(_muldi3.o)
                0x000000000800b92c                __aeabi_lmul
                0x000000000800b92c                __muldi3
 .text.__udivmoddi4
                0x000000000800b980      0x19c /opt/devkitpro/devkitARM/bin/../lib/gcc/arm-none-eabi/11.1.0/thumb/libgcc.a(_udivmoddi4.o)
                0x000000000800b980                __udivmoddi4
 .text          0x000000000800bb1c       0x28 /opt/devkitpro/devkitARM/bin/../lib/gcc/arm-none-eabi/11.1.0/thumb/libgcc.a(_clzdi2.o)
                0x000000000800bb1c                __clzdi2
 .text          0x000000000800bb44       0x48 /opt/devkitpro/devkitARM/bin/../lib/gcc/arm-none-eabi/11.1.0/thumb/libgcc.a(_clzsi2.o)
                0x000000000800bb44                __clzsi2
 *fill*         0x000000000800bb8c        0x4 ff
 .text.__stub   0x000000000800bb90       0xa4 linker stubs
 *(.gnu.linkonce.t.*)
 *(.text.*personality*)
 *(.gnu.warning)
 *(.glue_7t)
 .glue_7t       0x000000000800bc40        0x0 linker stubs
 *(.glue_7)
 .glue_7        0x000000000800bc40        0x0 linker stubs
 *(.vfp11_veneer)
 .vfp11_veneer  0x000000000800bc40        0x0 linker stubs
                0x000000000800bc40                . = ALIGN (0x4)
                0x000000000800bc40                __text_end = .

.v4_bx          0x000000000800bc40        0x0
 .v4_bx         0x000000000800bc40        0x0 linker stubs

.iplt           0x000000000800bc40        0x0
 .iplt          0x000000000800bc40        0x0 /opt/devkitpro/devkitARM/bin/../lib/gcc/arm-none-eabi/11.1.0/../../../../arm-none-eabi/lib/thumb/gba_crt0.o

.fini           0x000000000800bc40        0xc
 *(.fini)
 .fini          0x000000000800bc40        0x4 /opt/devkitpro/devkitARM/bin/../lib/gcc/arm-none-eabi/11.1.0/thumb/crti.o
                0x000000000800bc40                _fini
 .fini          0x000000000800bc44        0x8 /opt/devkitpro/devkitARM/bin/../lib/gcc/arm-none-eabi/11.1.0/thumb/crtn.o
                0x000000000800bc4c                . = ALIGN (0x4)

.rodata         0x000000000800bc4c    0x180ec
 *(.rodata)
 .rodata        0x000000000800bc4c     0x15e4 brin.o
                0x000000000800bc4c                welTiles
                0x000000000800bc4c                welPal
                0x000000000800bc4c                welMap
                0x000000000800bc50                brinMap
                0x000000000800cc50                brinTiles
                0x000000000800d030                brinPal
 .rodata        0x000000000800d230        0x6 generate_finish_line.o
 *fill*         0x000000000800d236        0x2 ff
 .rodata        0x000000000800d238       0x48 main_game.o
                0x000000000800d250                aff_diffs
                0x000000000800d268                aff_keys
 .rodata        0x000000000800d280       0xa0 metr.o
                0x000000000800d280                metr_boxTiles
                0x000000000800d2c0                metrTiles
                0x000000000800d300                metrPal
 .rodata        0x000000000800d320     0xe100 tracks_RGB.o
                0x000000000800d320                track3_RGBBitmap
                0x0000000008011e20                track2_RGBBitmap
                0x0000000008016920                track1_RGBBitmap
 .rodata        0x000000000801b420       0x58 /opt/devkitpro/libtonc/lib/libtonc.a(tonc_core.o)
                0x000000000801b420                __snd_rates
                0x000000000801b450                bg_aff_default
                0x000000000801b460                oam_sizes
 .rodata        0x000000000801b478      0x1f0 /opt/devkitpro/libtonc/lib/libtonc.a(tte_main.o)
 .rodata        0x000000000801b668      0x1b4 /opt/devkitpro/libtonc/lib/libtonc.a(tte_iohook.o)
                0x000000000801b73c                tte_dotab_stdout
                0x000000000801b7ac                tte_dotab_nocash
 .rodata        0x000000000801b81c      0x404 /opt/devkitpro/libtonc/lib/libtonc.a(sin_lut.o)
                0x000000000801b81c                sin_lut
 .rodata        0x000000000801bc20      0xef8 /opt/devkitpro/libtonc/lib/libtonc.a(verdana9.o)
                0x000000000801bc20                verdana9Font
                0x000000000801bc38                verdana9Glyphs
                0x000000000801ca38                verdana9Widths
 .rodata        0x000000000801cb18      0x318 /opt/devkitpro/libtonc/lib/libtonc.a(sys8.o)
                0x000000000801cb18                sys8Font
                0x000000000801cb30                sys8Glyphs
 .rodata        0x000000000801ce30       0x1c /opt/devkitpro/libtonc/lib/libtonc.a(tonc_surface.o)
 .rodata        0x000000000801ce4c       0x3c /opt/devkitpro/libtonc/lib/libtonc.a(tonc_sbmp16.o)
                0x000000000801ce4c                bmp16_tab
                0x000000000801ce74                m3_surface
 *all.rodata*(*)
 *(.roda)
 *(.rodata.*)
 .rodata.str1.4
                0x000000000801ce88      0x1ca main_game.o
 *fill*         0x000000000801d052        0x2 ff
 .rodata.str1.4
                0x000000000801d054       0x63 main_menu.o
 *fill*         0x000000000801d0b7        0x1 ff
 .rodata.str1.4
                0x000000000801d0b8       0x5c setting_menu.o
                                         0x74 (size before relaxing)
 .rodata.str1.4
                0x000000000801d114       0x9f track_select.o
                                         0xbf (size before relaxing)
 *fill*         0x000000000801d1b3        0x1 ff
 .rodata.str1.4
                0x000000000801d1b4       0x4b welcome.o
 *fill*         0x000000000801d1ff        0x1 ff
 .rodata.str1.4
                0x000000000801d200       0x3b /opt/devkitpro/libtonc/lib/libtonc.a(tte_iohook.o)
 *fill*         0x000000000801d23b        0x1 ff
 .rodata.str1.4
                0x000000000801d23c        0x6 /opt/devkitpro/libtonc/lib/libtonc.a(tonc_sbmp16.o)
 *fill*         0x000000000801d242        0x2 ff
 .rodata._ctype_
                0x000000000801d244      0x101 /opt/devkitpro/devkitARM/bin/../lib/gcc/arm-none-eabi/11.1.0/../../../../arm-none-eabi/lib/thumb/libg.a(lib_a-ctype_.o)
                0x000000000801d244                _ctype_
 *fill*         0x000000000801d345        0x3 ff
 .rodata.basefix.0
                0x000000000801d348       0x22 /opt/devkitpro/devkitARM/bin/../lib/gcc/arm-none-eabi/11.1.0/../../../../arm-none-eabi/lib/thumb/libg.a(lib_a-svfiscanf.o)
 .rodata._vfiprintf_r.str1.1
                0x000000000801d36a       0x29 /opt/devkitpro/devkitARM/bin/../lib/gcc/arm-none-eabi/11.1.0/../../../../arm-none-eabi/lib/thumb/libg.a(lib_a-vfiprintf.o)
 *fill*         0x000000000801d393        0x1 ff
 .rodata.blanks.1
                0x000000000801d394       0x10 /opt/devkitpro/devkitARM/bin/../lib/gcc/arm-none-eabi/11.1.0/../../../../arm-none-eabi/lib/thumb/libg.a(lib_a-vfiprintf.o)
 .rodata.zeroes.0
                0x000000000801d3a4       0x10 /opt/devkitpro/devkitARM/bin/../lib/gcc/arm-none-eabi/11.1.0/../../../../arm-none-eabi/lib/thumb/libg.a(lib_a-vfiprintf.o)
 .rodata.str1.4
                0x000000000801d3b4       0x48 /opt/devkitpro/devkitARM/bin/../lib/gcc/arm-none-eabi/11.1.0/../../../../arm-none-eabi/lib/thumb/libg.a(lib_a-locale.o)
                                         0x4c (size before relaxing)
 .rodata._mbrtowc_r.str1.4
                0x000000000801d3fc        0x1 /opt/devkitpro/devkitARM/bin/../lib/gcc/arm-none-eabi/11.1.0/../../../../arm-none-eabi/lib/thumb/libg.a(lib_a-mbrtowc.o)
 .rodata.__action_table
                0x000000000801d3fc       0x6c /opt/devkitpro/devkitARM/bin/../lib/gcc/arm-none-eabi/11.1.0/../../../../arm-none-eabi/lib/thumb/libg.a(lib_a-svfiprintf.o)
                0x000000000801d3fc                __action_table
 .rodata.__chclass
                0x000000000801d468      0x100 /opt/devkitpro/devkitARM/bin/../lib/gcc/arm-none-eabi/11.1.0/../../../../arm-none-eabi/lib/thumb/libg.a(lib_a-svfiprintf.o)
                0x000000000801d468                __chclass
 .rodata.__state_table
                0x000000000801d568       0x6c /opt/devkitpro/devkitARM/bin/../lib/gcc/arm-none-eabi/11.1.0/../../../../arm-none-eabi/lib/thumb/libg.a(lib_a-svfiprintf.o)
                0x000000000801d568                __state_table
 .rodata.__jp2uc
                0x000000000801d5d4       0x20 /opt/devkitpro/devkitARM/bin/../lib/gcc/arm-none-eabi/11.1.0/../../../../arm-none-eabi/lib/thumb/libg.a(lib_a-jp2uc.o)
 .rodata._jp2uc_l.str1.4
                0x000000000801d5f4       0x12 /opt/devkitpro/devkitARM/bin/../lib/gcc/arm-none-eabi/11.1.0/../../../../arm-none-eabi/lib/thumb/libg.a(lib_a-jp2uc.o)
 *fill*         0x000000000801d606        0x2 ff
 .rodata.a1     0x000000000801d608       0xbc /opt/devkitpro/devkitARM/bin/../lib/gcc/arm-none-eabi/11.1.0/../../../../arm-none-eabi/lib/thumb/libg.a(lib_a-jp2uc.o)
 .rodata.a2     0x000000000801d6c4       0xbc /opt/devkitpro/devkitARM/bin/../lib/gcc/arm-none-eabi/11.1.0/../../../../arm-none-eabi/lib/thumb/libg.a(lib_a-jp2uc.o)
 .rodata.a3     0x000000000801d780       0x5b /opt/devkitpro/devkitARM/bin/../lib/gcc/arm-none-eabi/11.1.0/../../../../arm-none-eabi/lib/thumb/libg.a(lib_a-jp2uc.o)
 *fill*         0x000000000801d7db        0x1 ff
 .rodata.a6     0x000000000801d7dc       0x70 /opt/devkitpro/devkitARM/bin/../lib/gcc/arm-none-eabi/11.1.0/../../../../arm-none-eabi/lib/thumb/libg.a(lib_a-jp2uc.o)
 .rodata.a7     0x000000000801d84c       0xa2 /opt/devkitpro/devkitARM/bin/../lib/gcc/arm-none-eabi/11.1.0/../../../../arm-none-eabi/lib/thumb/libg.a(lib_a-jp2uc.o)
 *fill*         0x000000000801d8ee        0x2 ff
 .rodata.a8     0x000000000801d8f0       0x40 /opt/devkitpro/devkitARM/bin/../lib/gcc/arm-none-eabi/11.1.0/../../../../arm-none-eabi/lib/thumb/libg.a(lib_a-jp2uc.o)
 .rodata.b02cf  0x000000000801d930     0x172a /opt/devkitpro/devkitARM/bin/../lib/gcc/arm-none-eabi/11.1.0/../../../../arm-none-eabi/lib/thumb/libg.a(lib_a-jp2uc.o)
 *fill*         0x000000000801f05a        0x2 ff
 .rodata.d02f4  0x000000000801f05c     0x1a7c /opt/devkitpro/devkitARM/bin/../lib/gcc/arm-none-eabi/11.1.0/../../../../arm-none-eabi/lib/thumb/libg.a(lib_a-jp2uc.o)
 .rodata.categories
                0x0000000008020ad8     0x31e6 /opt/devkitpro/devkitARM/bin/../lib/gcc/arm-none-eabi/11.1.0/../../../../arm-none-eabi/lib/thumb/libg.a(lib_a-categories.o)
 *fill*         0x0000000008023cbe        0x2 ff
 .rodata.AddDevice.str1.4
                0x0000000008023cc0        0x8 /opt/devkitpro/devkitARM/bin/../lib/gcc/arm-none-eabi/11.1.0/../../../../arm-none-eabi/lib/thumb/libsysbase.a(iosupport.o)
 .rodata.dotab_stdnull
                0x0000000008023cc8       0x70 /opt/devkitpro/devkitARM/bin/../lib/gcc/arm-none-eabi/11.1.0/../../../../arm-none-eabi/lib/thumb/libsysbase.a(iosupport.o)
                0x0000000008023cc8                dotab_stdnull
 *(.gnu.linkonce.r*)
                0x0000000008023d38                . = ALIGN (0x4)

.ARM.extab
 *(.ARM.extab* .gnu.linkonce.armextab.*)
                0x0000000008023d38                __exidx_start = .

.ARM.exidx
 *(.ARM.exidx* .gnu.linkonce.armexidx.*)
                0x0000000008023d38                __exidx_end = .

.ctors          0x0000000008023d38        0x0
 *crtbegin.o(.ctors)
 *(EXCLUDE_FILE(*crtend.o) .ctors)
 *(SORT_BY_NAME(.ctors.*))
 *(.ctors)
                0x0000000008023d38                . = ALIGN (0x4)

.dtors          0x0000000008023d38        0x0
 *crtbegin.o(.dtors)
 *(EXCLUDE_FILE(*crtend.o) .dtors)
 *(SORT_BY_NAME(.dtors.*))
 *(.dtors)
                0x0000000008023d38                . = ALIGN (0x4)

.eh_frame       0x0000000008023d38        0x4
 *(.eh_frame)
 .eh_frame      0x0000000008023d38        0x0 /opt/devkitpro/devkitARM/bin/../lib/gcc/arm-none-eabi/11.1.0/thumb/crtbegin.o
 .eh_frame      0x0000000008023d38        0x4 /opt/devkitpro/devkitARM/bin/../lib/gcc/arm-none-eabi/11.1.0/thumb/crtend.o
                0x0000000008023d3c                . = ALIGN (0x4)

.gcc_except_table
                0x0000000008023d3c        0x0
 *(.gcc_except_table)
                0x0000000008023d3c                . = ALIGN (0x4)
                0x0000000008023d3c                __iwram_lma = .

.iwram          0x0000000003000000       0x84 load address 0x0000000008023d3c
                0x0000000003000000                __iwram_start__ = ABSOLUTE (.)
 *(.iwram .iwram*)
 .iwram         0x0000000003000000       0x38 /opt/devkitpro/libtonc/lib/libtonc.a(tonc_memcpy.o)
                0x0000000003000000                memcpy32
 .iwram         0x0000000003000038       0x4c /opt/devkitpro/libtonc/lib/libtonc.a(tonc_memset.o)
                0x0000000003000038                memset32
 *iwram.*(.text* .data*)
                0x0000000003000084                . = ALIGN (0x4)
                0x0000000003000084                __iwram_end__ = ABSOLUTE (.)
                0x0000000008023dc0                __data_lma = (__iwram_lma + SIZEOF (.iwram))

.rel.dyn        0x0000000003000084        0x0 load address 0x0000000008023dc0
 .rel.iplt      0x0000000003000084        0x0 /opt/devkitpro/devkitARM/bin/../lib/gcc/arm-none-eabi/11.1.0/../../../../arm-none-eabi/lib/thumb/gba_crt0.o

.bss            0x0000000003000084      0x970
                0x0000000003000084                __bss_start = ABSOLUTE (.)
                0x0000000003000084                __bss_start__ = ABSOLUTE (.)
 *(.dynbss)
 *(.gnu.linkonce.b*)
 *(.bss*)
 .bss.completed.1
                0x0000000003000084        0x1 /opt/devkitpro/devkitARM/bin/../lib/gcc/arm-none-eabi/11.1.0/thumb/crtbegin.o
 *fill*         0x0000000003000085        0x3 
 .bss.object.0  0x0000000003000088       0x18 /opt/devkitpro/devkitARM/bin/../lib/gcc/arm-none-eabi/11.1.0/thumb/crtbegin.o
 .bss           0x00000000030000a0       0x20 brin.o
                0x00000000030000a0                FinishTile
 .bss           0x00000000030000c0        0x4 generate_finish_line.o
                0x00000000030000c0                extend_tile_n
 .bss           0x00000000030000c4      0x840 main_game.o
                0x00000000030000c4                aff_state
                0x00000000030000c8                aff_value
                0x00000000030000cc                right_b
                0x00000000030000d0                bottom_b
                0x00000000030000d4                left_b
                0x00000000030000d8                obj_x
                0x00000000030000dc                top_b
                0x00000000030000e0                obj_y
                0x00000000030000e4                curr_track
                0x00000000030000e8                trackrecords
                0x00000000030000f4                initial_x
                0x00000000030000f8                initial_y
                0x00000000030000fc                moving
                0x0000000003000100                direction
                0x0000000003000104                obj_buffer1
                0x0000000003000504                obj_buffer
 .bss           0x0000000003000904       0x18 track_select.o
 .bss           0x000000000300091c        0x4 /opt/devkitpro/libtonc/lib/libtonc.a(tonc_input.o)
                0x000000000300091c                __key_curr
                0x000000000300091e                __key_prev
 .bss           0x0000000003000920        0x4 /opt/devkitpro/libtonc/lib/libtonc.a(tte_iohook.o)
 .bss.__malloc_current_mallinfo
                0x0000000003000924       0x28 /opt/devkitpro/devkitARM/bin/../lib/gcc/arm-none-eabi/11.1.0/../../../../arm-none-eabi/lib/thumb/libg.a(lib_a-mallocr.o)
                0x0000000003000924                __malloc_current_mallinfo
 .bss.__malloc_max_sbrked_mem
                0x000000000300094c        0x4 /opt/devkitpro/devkitARM/bin/../lib/gcc/arm-none-eabi/11.1.0/../../../../arm-none-eabi/lib/thumb/libg.a(lib_a-mallocr.o)
                0x000000000300094c                __malloc_max_sbrked_mem
 .bss.__malloc_max_total_mem
                0x0000000003000950        0x4 /opt/devkitpro/devkitARM/bin/../lib/gcc/arm-none-eabi/11.1.0/../../../../arm-none-eabi/lib/thumb/libg.a(lib_a-mallocr.o)
                0x0000000003000950                __malloc_max_total_mem
 .bss.__malloc_top_pad
                0x0000000003000954        0x4 /opt/devkitpro/devkitARM/bin/../lib/gcc/arm-none-eabi/11.1.0/../../../../arm-none-eabi/lib/thumb/libg.a(lib_a-mallocr.o)
                0x0000000003000954                __malloc_top_pad
 .bss.heap_start.0
                0x0000000003000958        0x4 /opt/devkitpro/devkitARM/bin/../lib/gcc/arm-none-eabi/11.1.0/../../../../arm-none-eabi/lib/thumb/libsysbase.a(sbrk.o)
 .bss.fake_heap_end
                0x000000000300095c        0x4 /opt/devkitpro/devkitARM/bin/../lib/gcc/arm-none-eabi/11.1.0/../../../../arm-none-eabi/lib/thumb/libsysbase.a(malloc_vars.o)
                0x000000000300095c                fake_heap_end
 .bss.fake_heap_start
                0x0000000003000960        0x4 /opt/devkitpro/devkitARM/bin/../lib/gcc/arm-none-eabi/11.1.0/../../../../arm-none-eabi/lib/thumb/libsysbase.a(malloc_vars.o)
                0x0000000003000960                fake_heap_start
 .bss.__syscalls
                0x0000000003000964       0x48 /opt/devkitpro/devkitARM/bin/../lib/gcc/arm-none-eabi/11.1.0/../../../../arm-none-eabi/lib/thumb/libsysbase.a(syscall_support.o)
                0x0000000003000964                __syscalls
 *(COMMON)
 COMMON         0x00000000030009ac       0x48 /opt/devkitpro/libtonc/lib/libtonc.a(tte_main.o)
                0x00000000030009ac                __tte_main_context
                0x00000000030009f4                . = ALIGN (0x4)
                0x00000000030009f4                __bss_end__ = ABSOLUTE (.)

.data           0x00000000030009f4     0x1ad8 load address 0x0000000008023dc0
                0x00000000030009f4                __data_start__ = ABSOLUTE (.)
 *(.data*)
 .data          0x00000000030009f4        0xc main_game.o
                0x00000000030009f4                obj_aff_buffer
                0x00000000030009f8                obj_aff_buffer1
                0x00000000030009fc                wave
 .data          0x0000000003000a00        0x8 /opt/devkitpro/libtonc/lib/libtonc.a(tonc_core.o)
                0x0000000003000a00                __qran_seed
                0x0000000003000a04                vid_page
 .data          0x0000000003000a08        0x8 /opt/devkitpro/libtonc/lib/libtonc.a(tonc_input.o)
                0x0000000003000a08                __key_rpt
 .data          0x0000000003000a10        0x4 /opt/devkitpro/libtonc/lib/libtonc.a(tte_main.o)
                0x0000000003000a10                gp_tte_context
 .data.__sfp_recursive_mutex
                0x0000000003000a14        0xc /opt/devkitpro/devkitARM/bin/../lib/gcc/arm-none-eabi/11.1.0/../../../../arm-none-eabi/lib/thumb/libg.a(lib_a-findfp.o)
 .data.__sinit_recursive_mutex
                0x0000000003000a20        0xc /opt/devkitpro/devkitARM/bin/../lib/gcc/arm-none-eabi/11.1.0/../../../../arm-none-eabi/lib/thumb/libg.a(lib_a-findfp.o)
 .data._impure_ptr
                0x0000000003000a2c        0x4 /opt/devkitpro/devkitARM/bin/../lib/gcc/arm-none-eabi/11.1.0/../../../../arm-none-eabi/lib/thumb/libg.a(lib_a-impure.o)
                0x0000000003000a2c                _impure_ptr
 .data.impure_data
                0x0000000003000a30      0x460 /opt/devkitpro/devkitARM/bin/../lib/gcc/arm-none-eabi/11.1.0/../../../../arm-none-eabi/lib/thumb/libg.a(lib_a-impure.o)
 .data.__global_locale
                0x0000000003000e90      0x16c /opt/devkitpro/devkitARM/bin/../lib/gcc/arm-none-eabi/11.1.0/../../../../arm-none-eabi/lib/thumb/libg.a(lib_a-locale.o)
                0x0000000003000e90                __global_locale
 .data.__malloc_av_
                0x0000000003000ffc      0x408 /opt/devkitpro/devkitARM/bin/../lib/gcc/arm-none-eabi/11.1.0/../../../../arm-none-eabi/lib/thumb/libg.a(lib_a-mallocr.o)
                0x0000000003000ffc                __malloc_av_
 .data.__malloc_sbrk_base
                0x0000000003001404        0x4 /opt/devkitpro/devkitARM/bin/../lib/gcc/arm-none-eabi/11.1.0/../../../../arm-none-eabi/lib/thumb/libg.a(lib_a-mallocr.o)
                0x0000000003001404                __malloc_sbrk_base
 .data.__malloc_trim_threshold
                0x0000000003001408        0x4 /opt/devkitpro/devkitARM/bin/../lib/gcc/arm-none-eabi/11.1.0/../../../../arm-none-eabi/lib/thumb/libg.a(lib_a-mallocr.o)
                0x0000000003001408                __malloc_trim_threshold
 .data.__malloc_recursive_mutex
                0x000000000300140c        0xc /opt/devkitpro/devkitARM/bin/../lib/gcc/arm-none-eabi/11.1.0/../../../../arm-none-eabi/lib/thumb/libg.a(lib_a-mlock.o)
 .data.devoptab_list
                0x0000000003001418       0x8c /opt/devkitpro/devkitARM/bin/../lib/gcc/arm-none-eabi/11.1.0/../../../../arm-none-eabi/lib/thumb/libsysbase.a(iosupport.o)
                0x0000000003001418                devoptab_list
 .data.__hndl_lock
                0x00000000030014a4        0x4 /opt/devkitpro/devkitARM/bin/../lib/gcc/arm-none-eabi/11.1.0/../../../../arm-none-eabi/lib/thumb/libsysbase.a(handle_manager.o)
 .data.__stderr_handle
                0x00000000030014a8        0xc /opt/devkitpro/devkitARM/bin/../lib/gcc/arm-none-eabi/11.1.0/../../../../arm-none-eabi/lib/thumb/libsysbase.a(handle_manager.o)
 .data.__stdin_handle
                0x00000000030014b4        0xc /opt/devkitpro/devkitARM/bin/../lib/gcc/arm-none-eabi/11.1.0/../../../../arm-none-eabi/lib/thumb/libsysbase.a(handle_manager.o)
 .data.__stdout_handle
                0x00000000030014c0        0xc /opt/devkitpro/devkitARM/bin/../lib/gcc/arm-none-eabi/11.1.0/../../../../arm-none-eabi/lib/thumb/libsysbase.a(handle_manager.o)
 .data.handles  0x00000000030014cc     0x1000 /opt/devkitpro/devkitARM/bin/../lib/gcc/arm-none-eabi/11.1.0/../../../../arm-none-eabi/lib/thumb/libsysbase.a(handle_manager.o)
 *(.gnu.linkonce.d*)
                0x00000000030024cc                . = ALIGN (0x4)
                0x0000000008025898                __preinit_lma = (__data_lma + SIZEOF (.data))

.igot.plt       0x00000000030024cc        0x0 load address 0x0000000008025898
 .igot.plt      0x00000000030024cc        0x0 /opt/devkitpro/devkitARM/bin/../lib/gcc/arm-none-eabi/11.1.0/../../../../arm-none-eabi/lib/thumb/gba_crt0.o

.preinit_array  0x00000000030024cc        0x0 load address 0x0000000008025898
                0x00000000030024cc                __preinit_array_start = ABSOLUTE (.)
 *(.preinit_array)
                0x00000000030024cc                __preinit_array_end = ABSOLUTE (.)
                0x0000000008025898                __init_lma = (__preinit_lma + SIZEOF (.preinit_array))

.init_array     0x00000000030024cc        0x4 load address 0x0000000008025898
                0x00000000030024cc                __init_array_start = ABSOLUTE (.)
 *(SORT_BY_NAME(.init_array.*))
 *(.init_array)
 .init_array    0x00000000030024cc        0x4 /opt/devkitpro/devkitARM/bin/../lib/gcc/arm-none-eabi/11.1.0/thumb/crtbegin.o
                0x00000000030024d0                __init_array_end = ABSOLUTE (.)
                0x000000000802589c                __fini_lma = (__init_lma + SIZEOF (.init_array))

.fini_array     0x00000000030024d0        0x4 load address 0x000000000802589c
                0x00000000030024d0                __fini_array_start = ABSOLUTE (.)
 *(SORT_BY_NAME(.fini_array.*))
 *(.fini_array)
 .fini_array    0x00000000030024d0        0x4 /opt/devkitpro/devkitARM/bin/../lib/gcc/arm-none-eabi/11.1.0/thumb/crtbegin.o
                0x00000000030024d4                __fini_array_end = ABSOLUTE (.)
                0x00000000080258a0                __jcr_lma = (__fini_lma + SIZEOF (.fini_array))

.jcr            0x00000000030024d4        0x0 load address 0x00000000080258a0
 *(.jcr)
                0x00000000030024d4                __data_end__ = ABSOLUTE (.)
                0x00000000080258a0                __iwram_overlay_lma = (__jcr_lma + SIZEOF (.jcr))
                0x00000000030024d4                __iwram_overlay_start = .

.iwram0         0x00000000030024d4        0x0 load address 0x00000000080258a0
 *(.iwram0)
                0x00000000030024d4                . = ALIGN (0x4)
                0x00000000080258a0                PROVIDE (__load_start_iwram0 = LOADADDR (.iwram0))
                0x00000000080258a0                PROVIDE (__load_stop_iwram0 = (LOADADDR (.iwram0) + SIZEOF (.iwram0)))

.iwram1         0x00000000030024d4        0x0
 *(.iwram1)
                0x00000000030024d4                . = ALIGN (0x4)
                [!provide]                        PROVIDE (__load_start_iwram1 = LOADADDR (.iwram1))
                [!provide]                        PROVIDE (__load_stop_iwram1 = (LOADADDR (.iwram1) + SIZEOF (.iwram1)))

.iwram2         0x00000000030024d4        0x0
 *(.iwram2)
                0x00000000030024d4                . = ALIGN (0x4)
                [!provide]                        PROVIDE (__load_start_iwram2 = LOADADDR (.iwram2))
                [!provide]                        PROVIDE (__load_stop_iwram2 = (LOADADDR (.iwram2) + SIZEOF (.iwram2)))

.iwram3         0x00000000030024d4        0x0
 *(.iwram3)
                0x00000000030024d4                . = ALIGN (0x4)
                [!provide]                        PROVIDE (__load_start_iwram3 = LOADADDR (.iwram3))
                [!provide]                        PROVIDE (__load_stop_iwram3 = (LOADADDR (.iwram3) + SIZEOF (.iwram3)))

.iwram4         0x00000000030024d4        0x0
 *(.iwram4)
                0x00000000030024d4                . = ALIGN (0x4)
                [!provide]                        PROVIDE (__load_start_iwram4 = LOADADDR (.iwram4))
                [!provide]                        PROVIDE (__load_stop_iwram4 = (LOADADDR (.iwram4) + SIZEOF (.iwram4)))

.iwram5         0x00000000030024d4        0x0
 *(.iwram5)
                0x00000000030024d4                . = ALIGN (0x4)
                [!provide]                        PROVIDE (__load_start_iwram5 = LOADADDR (.iwram5))
                [!provide]                        PROVIDE (__load_stop_iwram5 = (LOADADDR (.iwram5) + SIZEOF (.iwram5)))

.iwram6         0x00000000030024d4        0x0
 *(.iwram6)
                0x00000000030024d4                . = ALIGN (0x4)
                [!provide]                        PROVIDE (__load_start_iwram6 = LOADADDR (.iwram6))
                [!provide]                        PROVIDE (__load_stop_iwram6 = (LOADADDR (.iwram6) + SIZEOF (.iwram6)))

.iwram7         0x00000000030024d4        0x0
 *(.iwram7)
                0x00000000030024d4                . = ALIGN (0x4)
                [!provide]                        PROVIDE (__load_start_iwram7 = LOADADDR (.iwram7))
                [!provide]                        PROVIDE (__load_stop_iwram7 = (LOADADDR (.iwram7) + SIZEOF (.iwram7)))

.iwram8         0x00000000030024d4        0x0
 *(.iwram8)
                0x00000000030024d4                . = ALIGN (0x4)
                [!provide]                        PROVIDE (__load_start_iwram8 = LOADADDR (.iwram8))
                [!provide]                        PROVIDE (__load_stop_iwram8 = (LOADADDR (.iwram8) + SIZEOF (.iwram8)))

.iwram9         0x00000000030024d4        0x0
 *(.iwram9)
                0x00000000030024d4                . = ALIGN (0x4)
                [!provide]                        PROVIDE (__load_start_iwram9 = LOADADDR (.iwram9))
                [!provide]                        PROVIDE (__load_stop_iwram9 = (LOADADDR (.iwram9) + SIZEOF (.iwram9)))
                0x00000000030024d4                __iwram_overlay_end = .
                0x00000000080258a0                __ewram_lma = (__iwram_overlay_lma + (__iwram_overlay_end - __iwram_overlay_start))
                0x00000000030024d4                __iheap_start = .
                0x0000000002000000                __ewram_start = ORIGIN (ewram)

.ewram          0x0000000002000000       0x84 load address 0x00000000080258a0
 *(.ewram*)
 .ewram         0x0000000002000000       0x5c /opt/devkitpro/libtonc/lib/libtonc.a(tonc_nocash.o)
                0x0000000002000000                nocash_message
                0x0000000002000008                nocash_buffer
 .ewram         0x000000000200005c       0x14 /opt/devkitpro/libtonc/lib/libtonc.a(tonc_sbmp8.o)
                0x000000000200005c                m4_surface
 .ewram         0x0000000002000070       0x14 /opt/devkitpro/libtonc/lib/libtonc.a(tonc_sbmp16.o)
                0x0000000002000070                m5_surface
                0x0000000002000084                . = ALIGN (0x4)
                0x0000000002000084                __ewram_end = ABSOLUTE (.)
                0x0000000008025924                __pad_lma = (__ewram_lma + SIZEOF (.ewram))

.sbss           0x0000000002000084        0x0
                0x0000000002000084                __sbss_start__ = ABSOLUTE (.)
 *(.sbss*)
                0x0000000002000084                . = ALIGN (0x4)
                0x0000000002000084                __sbss_end__ = ABSOLUTE (.)
                0x0000000002000084                __end__ = ABSOLUTE (.)
                0x0000000002000084                __eheap_start = ABSOLUTE (.)

.pad            0x0000000002000084        0x8 load address 0x0000000008025924
                0x0000000002000084        0x4 LONG 0x52416b64
                0x0000000002000088        0x4 LONG 0x4d
                0x000000000200008c                . = ALIGN (0x4)
                0x000000000802592c                __rom_end__ = (__pad_lma + SIZEOF (.pad))

.stab
 *(.stab)

.stabstr
 *(.stabstr)

.stab.excl
 *(.stab.excl)

.stab.exclstr
 *(.stab.exclstr)

.stab.index
 *(.stab.index)

.stab.indexstr
 *(.stab.indexstr)

.comment        0x0000000000000000       0x45
 *(.comment)
 .comment       0x0000000000000000       0x23 /opt/devkitpro/devkitARM/bin/../lib/gcc/arm-none-eabi/11.1.0/thumb/crtbegin.o
                                         0x24 (size before relaxing)
 .comment       0x0000000000000023       0x24 brin.o
 .comment       0x0000000000000023       0x24 generate_finish_line.o
 .comment       0x0000000000000023       0x24 main.o
 .comment       0x0000000000000023       0x24 main_game.o
 .comment       0x0000000000000023       0x24 main_menu.o
 .comment       0x0000000000000023       0x24 metr.o
 .comment       0x0000000000000023       0x24 setting_menu.o
 .comment       0x0000000000000023       0x24 track_select.o
 .comment       0x0000000000000023       0x24 tracks_RGB.o
 .comment       0x0000000000000023       0x24 welcome.o
 .comment       0x0000000000000023       0x22 /opt/devkitpro/libtonc/lib/libtonc.a(tonc_bmp16.o)
                                         0x23 (size before relaxing)
 .comment       0x0000000000000045       0x23 /opt/devkitpro/libtonc/lib/libtonc.a(tonc_obj_affine.o)
 .comment       0x0000000000000045       0x23 /opt/devkitpro/libtonc/lib/libtonc.a(tonc_core.o)
 .comment       0x0000000000000045       0x23 /opt/devkitpro/libtonc/lib/libtonc.a(tonc_oam.o)
 .comment       0x0000000000000045       0x23 /opt/devkitpro/libtonc/lib/libtonc.a(tonc_input.o)
 .comment       0x0000000000000045       0x23 /opt/devkitpro/libtonc/lib/libtonc.a(tte_main.o)
 .comment       0x0000000000000045       0x23 /opt/devkitpro/libtonc/lib/libtonc.a(tte_iohook.o)
 .comment       0x0000000000000045       0x23 /opt/devkitpro/libtonc/lib/libtonc.a(tte_init_se.o)
 .comment       0x0000000000000045       0x23 /opt/devkitpro/libtonc/lib/libtonc.a(tte_init_bmp.o)
 .comment       0x0000000000000045       0x23 /opt/devkitpro/libtonc/lib/libtonc.a(bmp8_drawg_b1cs.o)
 .comment       0x0000000000000045       0x23 /opt/devkitpro/libtonc/lib/libtonc.a(tonc_sbmp8.o)
 .comment       0x0000000000000045       0x23 /opt/devkitpro/libtonc/lib/libtonc.a(tonc_surface.o)
 .comment       0x0000000000000045       0x23 /opt/devkitpro/libtonc/lib/libtonc.a(tonc_sbmp16.o)
 .comment       0x0000000000000045       0x23 /opt/devkitpro/libtonc/lib/libtonc.a(bmp16_drawg_b1cs.o)
 .comment       0x0000000000000045       0x23 /opt/devkitpro/libtonc/lib/libtonc.a(se_drawg.o)
 .comment       0x0000000000000045       0x24 /opt/devkitpro/devkitARM/bin/../lib/gcc/arm-none-eabi/11.1.0/../../../../arm-none-eabi/lib/thumb/libg.a(lib_a-ctype_.o)
 .comment       0x0000000000000045       0x24 /opt/devkitpro/devkitARM/bin/../lib/gcc/arm-none-eabi/11.1.0/../../../../arm-none-eabi/lib/thumb/libg.a(lib_a-init.o)
 .comment       0x0000000000000045       0x24 /opt/devkitpro/devkitARM/bin/../lib/gcc/arm-none-eabi/11.1.0/../../../../arm-none-eabi/lib/thumb/libg.a(lib_a-iprintf.o)
 .comment       0x0000000000000045       0x24 /opt/devkitpro/devkitARM/bin/../lib/gcc/arm-none-eabi/11.1.0/../../../../arm-none-eabi/lib/thumb/libg.a(lib_a-memcpy-stub.o)
 .comment       0x0000000000000045       0x24 /opt/devkitpro/devkitARM/bin/../lib/gcc/arm-none-eabi/11.1.0/../../../../arm-none-eabi/lib/thumb/libg.a(lib_a-memset.o)
 .comment       0x0000000000000045       0x24 /opt/devkitpro/devkitARM/bin/../lib/gcc/arm-none-eabi/11.1.0/../../../../arm-none-eabi/lib/thumb/libg.a(lib_a-setvbuf.o)
 .comment       0x0000000000000045       0x24 /opt/devkitpro/devkitARM/bin/../lib/gcc/arm-none-eabi/11.1.0/../../../../arm-none-eabi/lib/thumb/libg.a(lib_a-siscanf.o)
 .comment       0x0000000000000045       0x24 /opt/devkitpro/devkitARM/bin/../lib/gcc/arm-none-eabi/11.1.0/../../../../arm-none-eabi/lib/thumb/libg.a(lib_a-stdio.o)
 .comment       0x0000000000000045       0x24 /opt/devkitpro/devkitARM/bin/../lib/gcc/arm-none-eabi/11.1.0/../../../../arm-none-eabi/lib/thumb/libg.a(lib_a-strlen-stub.o)
 .comment       0x0000000000000045       0x24 /opt/devkitpro/devkitARM/bin/../lib/gcc/arm-none-eabi/11.1.0/../../../../arm-none-eabi/lib/thumb/libg.a(lib_a-strncpy.o)
 .comment       0x0000000000000045       0x24 /opt/devkitpro/devkitARM/bin/../lib/gcc/arm-none-eabi/11.1.0/../../../../arm-none-eabi/lib/thumb/libg.a(lib_a-strtol.o)
 .comment       0x0000000000000045       0x24 /opt/devkitpro/devkitARM/bin/../lib/gcc/arm-none-eabi/11.1.0/../../../../arm-none-eabi/lib/thumb/libg.a(lib_a-svfiscanf.o)
 .comment       0x0000000000000045       0x24 /opt/devkitpro/devkitARM/bin/../lib/gcc/arm-none-eabi/11.1.0/../../../../arm-none-eabi/lib/thumb/libg.a(lib_a-ungetc.o)
 .comment       0x0000000000000045       0x24 /opt/devkitpro/devkitARM/bin/../lib/gcc/arm-none-eabi/11.1.0/../../../../arm-none-eabi/lib/thumb/libg.a(lib_a-vfiprintf.o)
 .comment       0x0000000000000045       0x24 /opt/devkitpro/devkitARM/bin/../lib/gcc/arm-none-eabi/11.1.0/../../../../arm-none-eabi/lib/thumb/libg.a(lib_a-wcrtomb.o)
 .comment       0x0000000000000045       0x24 /opt/devkitpro/devkitARM/bin/../lib/gcc/arm-none-eabi/11.1.0/../../../../arm-none-eabi/lib/thumb/libg.a(lib_a-wcsrtombs.o)
 .comment       0x0000000000000045       0x24 /opt/devkitpro/devkitARM/bin/../lib/gcc/arm-none-eabi/11.1.0/../../../../arm-none-eabi/lib/thumb/libg.a(lib_a-wsetup.o)
 .comment       0x0000000000000045       0x24 /opt/devkitpro/devkitARM/bin/../lib/gcc/arm-none-eabi/11.1.0/../../../../arm-none-eabi/lib/thumb/libg.a(lib_a-errno.o)
 .comment       0x0000000000000045       0x24 /opt/devkitpro/devkitARM/bin/../lib/gcc/arm-none-eabi/11.1.0/../../../../arm-none-eabi/lib/thumb/libg.a(lib_a-fflush.o)
 .comment       0x0000000000000045       0x24 /opt/devkitpro/devkitARM/bin/../lib/gcc/arm-none-eabi/11.1.0/../../../../arm-none-eabi/lib/thumb/libg.a(lib_a-findfp.o)
 .comment       0x0000000000000045       0x24 /opt/devkitpro/devkitARM/bin/../lib/gcc/arm-none-eabi/11.1.0/../../../../arm-none-eabi/lib/thumb/libg.a(lib_a-freer.o)
 .comment       0x0000000000000045       0x24 /opt/devkitpro/devkitARM/bin/../lib/gcc/arm-none-eabi/11.1.0/../../../../arm-none-eabi/lib/thumb/libg.a(lib_a-fvwrite.o)
 .comment       0x0000000000000045       0x24 /opt/devkitpro/devkitARM/bin/../lib/gcc/arm-none-eabi/11.1.0/../../../../arm-none-eabi/lib/thumb/libg.a(lib_a-fwalk.o)
 .comment       0x0000000000000045       0x24 /opt/devkitpro/devkitARM/bin/../lib/gcc/arm-none-eabi/11.1.0/../../../../arm-none-eabi/lib/thumb/libg.a(lib_a-impure.o)
 .comment       0x0000000000000045       0x24 /opt/devkitpro/devkitARM/bin/../lib/gcc/arm-none-eabi/11.1.0/../../../../arm-none-eabi/lib/thumb/libg.a(lib_a-iswspace.o)
 .comment       0x0000000000000045       0x24 /opt/devkitpro/devkitARM/bin/../lib/gcc/arm-none-eabi/11.1.0/../../../../arm-none-eabi/lib/thumb/libg.a(lib_a-localeconv.o)
 .comment       0x0000000000000045       0x24 /opt/devkitpro/devkitARM/bin/../lib/gcc/arm-none-eabi/11.1.0/../../../../arm-none-eabi/lib/thumb/libg.a(lib_a-locale.o)
 .comment       0x0000000000000045       0x24 /opt/devkitpro/devkitARM/bin/../lib/gcc/arm-none-eabi/11.1.0/../../../../arm-none-eabi/lib/thumb/libg.a(lib_a-makebuf.o)
 .comment       0x0000000000000045       0x24 /opt/devkitpro/devkitARM/bin/../lib/gcc/arm-none-eabi/11.1.0/../../../../arm-none-eabi/lib/thumb/libg.a(lib_a-malloc.o)
 .comment       0x0000000000000045       0x24 /opt/devkitpro/devkitARM/bin/../lib/gcc/arm-none-eabi/11.1.0/../../../../arm-none-eabi/lib/thumb/libg.a(lib_a-mallocr.o)
 .comment       0x0000000000000045       0x24 /opt/devkitpro/devkitARM/bin/../lib/gcc/arm-none-eabi/11.1.0/../../../../arm-none-eabi/lib/thumb/libg.a(lib_a-mbrtowc.o)
 .comment       0x0000000000000045       0x24 /opt/devkitpro/devkitARM/bin/../lib/gcc/arm-none-eabi/11.1.0/../../../../arm-none-eabi/lib/thumb/libg.a(lib_a-mbtowc_r.o)
 .comment       0x0000000000000045       0x24 /opt/devkitpro/devkitARM/bin/../lib/gcc/arm-none-eabi/11.1.0/../../../../arm-none-eabi/lib/thumb/libg.a(lib_a-memchr-stub.o)
 .comment       0x0000000000000045       0x24 /opt/devkitpro/devkitARM/bin/../lib/gcc/arm-none-eabi/11.1.0/../../../../arm-none-eabi/lib/thumb/libg.a(lib_a-memmove.o)
 .comment       0x0000000000000045       0x24 /opt/devkitpro/devkitARM/bin/../lib/gcc/arm-none-eabi/11.1.0/../../../../arm-none-eabi/lib/thumb/libg.a(lib_a-mlock.o)
 .comment       0x0000000000000045       0x24 /opt/devkitpro/devkitARM/bin/../lib/gcc/arm-none-eabi/11.1.0/../../../../arm-none-eabi/lib/thumb/libg.a(lib_a-realloc.o)
 .comment       0x0000000000000045       0x24 /opt/devkitpro/devkitARM/bin/../lib/gcc/arm-none-eabi/11.1.0/../../../../arm-none-eabi/lib/thumb/libg.a(lib_a-reallocr.o)
 .comment       0x0000000000000045       0x24 /opt/devkitpro/devkitARM/bin/../lib/gcc/arm-none-eabi/11.1.0/../../../../arm-none-eabi/lib/thumb/libg.a(lib_a-sccl.o)
 .comment       0x0000000000000045       0x24 /opt/devkitpro/devkitARM/bin/../lib/gcc/arm-none-eabi/11.1.0/../../../../arm-none-eabi/lib/thumb/libg.a(lib_a-strtoll.o)
 .comment       0x0000000000000045       0x24 /opt/devkitpro/devkitARM/bin/../lib/gcc/arm-none-eabi/11.1.0/../../../../arm-none-eabi/lib/thumb/libg.a(lib_a-strtoull.o)
 .comment       0x0000000000000045       0x24 /opt/devkitpro/devkitARM/bin/../lib/gcc/arm-none-eabi/11.1.0/../../../../arm-none-eabi/lib/thumb/libg.a(lib_a-strtoul.o)
 .comment       0x0000000000000045       0x24 /opt/devkitpro/devkitARM/bin/../lib/gcc/arm-none-eabi/11.1.0/../../../../arm-none-eabi/lib/thumb/libg.a(lib_a-svfiprintf.o)
 .comment       0x0000000000000045       0x24 /opt/devkitpro/devkitARM/bin/../lib/gcc/arm-none-eabi/11.1.0/../../../../arm-none-eabi/lib/thumb/libg.a(lib_a-wcsnrtombs.o)
 .comment       0x0000000000000045       0x24 /opt/devkitpro/devkitARM/bin/../lib/gcc/arm-none-eabi/11.1.0/../../../../arm-none-eabi/lib/thumb/libg.a(lib_a-wctomb_r.o)
 .comment       0x0000000000000045       0x24 /opt/devkitpro/devkitARM/bin/../lib/gcc/arm-none-eabi/11.1.0/../../../../arm-none-eabi/lib/thumb/libg.a(lib_a-fclose.o)
 .comment       0x0000000000000045       0x24 /opt/devkitpro/devkitARM/bin/../lib/gcc/arm-none-eabi/11.1.0/../../../../arm-none-eabi/lib/thumb/libg.a(lib_a-iswspace_l.o)
 .comment       0x0000000000000045       0x24 /opt/devkitpro/devkitARM/bin/../lib/gcc/arm-none-eabi/11.1.0/../../../../arm-none-eabi/lib/thumb/libg.a(lib_a-jp2uc.o)
 .comment       0x0000000000000045       0x24 /opt/devkitpro/devkitARM/bin/../lib/gcc/arm-none-eabi/11.1.0/../../../../arm-none-eabi/lib/thumb/libg.a(lib_a-categories.o)
 .comment       0x0000000000000045       0x24 /opt/devkitpro/devkitARM/bin/../lib/gcc/arm-none-eabi/11.1.0/../../../../arm-none-eabi/lib/thumb/libsysbase.a(iosupport.o)
 .comment       0x0000000000000045       0x24 /opt/devkitpro/devkitARM/bin/../lib/gcc/arm-none-eabi/11.1.0/../../../../arm-none-eabi/lib/thumb/libsysbase.a(fstat.o)
 .comment       0x0000000000000045       0x24 /opt/devkitpro/devkitARM/bin/../lib/gcc/arm-none-eabi/11.1.0/../../../../arm-none-eabi/lib/thumb/libsysbase.a(isatty.o)
 .comment       0x0000000000000045       0x24 /opt/devkitpro/devkitARM/bin/../lib/gcc/arm-none-eabi/11.1.0/../../../../arm-none-eabi/lib/thumb/libsysbase.a(lseek.o)
 .comment       0x0000000000000045       0x24 /opt/devkitpro/devkitARM/bin/../lib/gcc/arm-none-eabi/11.1.0/../../../../arm-none-eabi/lib/thumb/libsysbase.a(read.o)
 .comment       0x0000000000000045       0x24 /opt/devkitpro/devkitARM/bin/../lib/gcc/arm-none-eabi/11.1.0/../../../../arm-none-eabi/lib/thumb/libsysbase.a(sbrk.o)
 .comment       0x0000000000000045       0x24 /opt/devkitpro/devkitARM/bin/../lib/gcc/arm-none-eabi/11.1.0/../../../../arm-none-eabi/lib/thumb/libsysbase.a(write.o)
 .comment       0x0000000000000045       0x24 /opt/devkitpro/devkitARM/bin/../lib/gcc/arm-none-eabi/11.1.0/../../../../arm-none-eabi/lib/thumb/libsysbase.a(malloc_vars.o)
 .comment       0x0000000000000045       0x24 /opt/devkitpro/devkitARM/bin/../lib/gcc/arm-none-eabi/11.1.0/../../../../arm-none-eabi/lib/thumb/libsysbase.a(flock.o)
 .comment       0x0000000000000045       0x24 /opt/devkitpro/devkitARM/bin/../lib/gcc/arm-none-eabi/11.1.0/../../../../arm-none-eabi/lib/thumb/libsysbase.a(syscall_support.o)
 .comment       0x0000000000000045       0x24 /opt/devkitpro/devkitARM/bin/../lib/gcc/arm-none-eabi/11.1.0/../../../../arm-none-eabi/lib/thumb/libsysbase.a(handle_manager.o)
 .comment       0x0000000000000045       0x24 /opt/devkitpro/devkitARM/bin/../lib/gcc/arm-none-eabi/11.1.0/../../../../arm-none-eabi/lib/thumb/libsysbase.a(getreent.o)
 .comment       0x0000000000000045       0x24 /opt/devkitpro/devkitARM/bin/../lib/gcc/arm-none-eabi/11.1.0/thumb/libgcc.a(_muldi3.o)
 .comment       0x0000000000000045       0x24 /opt/devkitpro/devkitARM/bin/../lib/gcc/arm-none-eabi/11.1.0/thumb/libgcc.a(_udivmoddi4.o)
 .comment       0x0000000000000045       0x24 /opt/devkitpro/devkitARM/bin/../lib/gcc/arm-none-eabi/11.1.0/thumb/crtend.o

.debug
 *(.debug)

.line
 *(.line)

.debug_srcinfo
 *(.debug_srcinfo)

.debug_sfnames
 *(.debug_sfnames)

.debug_aranges  0x0000000000000000      0x130
 *(.debug_aranges)
 .debug_aranges
                0x0000000000000000       0x18 brin.o
 .debug_aranges
                0x0000000000000018       0x20 generate_finish_line.o
 .debug_aranges
                0x0000000000000038       0x28 main.o
 .debug_aranges
                0x0000000000000060       0x20 main_game.o
 .debug_aranges
                0x0000000000000080       0x20 main_menu.o
 .debug_aranges
                0x00000000000000a0       0x18 metr.o
 .debug_aranges
                0x00000000000000b8       0x20 setting_menu.o
 .debug_aranges
                0x00000000000000d8       0x20 track_select.o
 .debug_aranges
                0x00000000000000f8       0x18 tracks_RGB.o
 .debug_aranges
                0x0000000000000110       0x20 welcome.o

.debug_pubnames
 *(.debug_pubnames)

.debug_info     0x0000000000000000     0x4611
 *(.debug_info)
 .debug_info    0x0000000000000000      0x135 brin.o
 .debug_info    0x0000000000000135      0x3c2 generate_finish_line.o
 .debug_info    0x00000000000004f7      0x190 main.o
 .debug_info    0x0000000000000687     0x20d5 main_game.o
 .debug_info    0x000000000000275c      0xbec main_menu.o
 .debug_info    0x0000000000003348       0x85 metr.o
 .debug_info    0x00000000000033cd      0x570 setting_menu.o
 .debug_info    0x000000000000393d      0x8c3 track_select.o
 .debug_info    0x0000000000004200       0x7b tracks_RGB.o
 .debug_info    0x000000000000427b      0x396 welcome.o

.debug_abbrev   0x0000000000000000     0x12df
 *(.debug_abbrev)
 .debug_abbrev  0x0000000000000000       0x71 brin.o
 .debug_abbrev  0x0000000000000071      0x181 generate_finish_line.o
 .debug_abbrev  0x00000000000001f2      0x14b main.o
 .debug_abbrev  0x000000000000033d      0x4df main_game.o
 .debug_abbrev  0x000000000000081c      0x2d7 main_menu.o
 .debug_abbrev  0x0000000000000af3       0x49 metr.o
 .debug_abbrev  0x0000000000000b3c      0x27d setting_menu.o
 .debug_abbrev  0x0000000000000db9      0x30d track_select.o
 .debug_abbrev  0x00000000000010c6       0x64 tracks_RGB.o
 .debug_abbrev  0x000000000000112a      0x1b5 welcome.o

.debug_line     0x0000000000000000     0x2a8e
 *(.debug_line)
 .debug_line    0x0000000000000000       0x60 brin.o
 .debug_line    0x0000000000000060      0x2f5 generate_finish_line.o
 .debug_line    0x0000000000000355      0x155 main.o
 .debug_line    0x00000000000004aa     0x1632 main_game.o
 .debug_line    0x0000000000001adc      0x537 main_menu.o
 .debug_line    0x0000000000002013       0x60 metr.o
 .debug_line    0x0000000000002073      0x24f setting_menu.o
 .debug_line    0x00000000000022c2      0x5c5 track_select.o
 .debug_line    0x0000000000002887       0x66 tracks_RGB.o
 .debug_line    0x00000000000028ed      0x1a1 welcome.o

.debug_frame    0x0000000000000000      0x2c0
 *(.debug_frame)
 .debug_frame   0x0000000000000000       0x78 generate_finish_line.o
 .debug_frame   0x0000000000000078       0x38 main.o
 .debug_frame   0x00000000000000b0       0xe8 main_game.o
 .debug_frame   0x0000000000000198       0x58 main_menu.o
 .debug_frame   0x00000000000001f0       0x48 setting_menu.o
 .debug_frame   0x0000000000000238       0x60 track_select.o
 .debug_frame   0x0000000000000298       0x28 welcome.o

.debug_str      0x0000000000000000      0xc60
 *(.debug_str)
 .debug_str     0x0000000000000000      0x124 brin.o
                                        0x131 (size before relaxing)
 .debug_str     0x0000000000000124      0x1eb generate_finish_line.o
                                        0x2f0 (size before relaxing)
 .debug_str     0x000000000000030f       0x96 main.o
                                        0x1cb (size before relaxing)
 .debug_str     0x00000000000003a5      0x5a7 main_game.o
                                        0x7f9 (size before relaxing)
 .debug_str     0x000000000000094c       0xe6 main_menu.o
                                        0x307 (size before relaxing)
 .debug_str     0x0000000000000a32       0x4a metr.o
                                        0x102 (size before relaxing)
 .debug_str     0x0000000000000a7c       0x73 setting_menu.o
                                        0x2cf (size before relaxing)
 .debug_str     0x0000000000000aef       0xe2 track_select.o
                                        0x376 (size before relaxing)
 .debug_str     0x0000000000000bd1       0x46 tracks_RGB.o
                                        0x12e (size before relaxing)
 .debug_str     0x0000000000000c17       0x49 welcome.o
                                        0x244 (size before relaxing)

.debug_loc
 *(.debug_loc)

.debug_macinfo
 *(.debug_macinfo)

.debug_weaknames
 *(.debug_weaknames)

.debug_funcnames
 *(.debug_funcnames)

.debug_typenames
 *(.debug_typenames)

.debug_varnames
 *(.debug_varnames)

.stack          0x0000000000080000        0x0
                0x0000000000080000                _stack = .
 *(.stack)

.note.gnu.arm.ident
 *(.note.gnu.arm.ident)

.ARM.attributes
                0x0000000000000000       0x2c
 *(.ARM.attributes)
 .ARM.attributes
                0x0000000000000000       0x20 /opt/devkitpro/devkitARM/bin/../lib/gcc/arm-none-eabi/11.1.0/../../../../arm-none-eabi/lib/thumb/gba_crt0.o
 .ARM.attributes
                0x0000000000000020       0x1c /opt/devkitpro/devkitARM/bin/../lib/gcc/arm-none-eabi/11.1.0/thumb/crti.o
 .ARM.attributes
                0x000000000000003c       0x2a /opt/devkitpro/devkitARM/bin/../lib/gcc/arm-none-eabi/11.1.0/thumb/crtbegin.o
 .ARM.attributes
                0x0000000000000066       0x30 brin.o
 .ARM.attributes
                0x0000000000000096       0x2a generate_finish_line.o
 .ARM.attributes
                0x00000000000000c0       0x2a main.o
 .ARM.attributes
                0x00000000000000ea       0x2a main_game.o
 .ARM.attributes
                0x0000000000000114       0x2a main_menu.o
 .ARM.attributes
                0x000000000000013e       0x30 metr.o
 .ARM.attributes
                0x000000000000016e       0x2a setting_menu.o
 .ARM.attributes
                0x0000000000000198       0x30 toolbox.o
 .ARM.attributes
                0x00000000000001c8       0x2a track_select.o
 .ARM.attributes
                0x00000000000001f2       0x30 tracks_RGB.o
 .ARM.attributes
                0x0000000000000222       0x2a welcome.o
 .ARM.attributes
                0x000000000000024c       0x2a /opt/devkitpro/libtonc/lib/libtonc.a(tonc_bmp16.o)
 .ARM.attributes
                0x0000000000000276       0x2a /opt/devkitpro/libtonc/lib/libtonc.a(tonc_obj_affine.o)
 .ARM.attributes
                0x00000000000002a0       0x2a /opt/devkitpro/libtonc/lib/libtonc.a(tonc_core.o)
 .ARM.attributes
                0x00000000000002ca       0x2a /opt/devkitpro/libtonc/lib/libtonc.a(tonc_oam.o)
 .ARM.attributes
                0x00000000000002f4       0x2a /opt/devkitpro/libtonc/lib/libtonc.a(tonc_input.o)
 .ARM.attributes
                0x000000000000031e       0x2a /opt/devkitpro/libtonc/lib/libtonc.a(tte_main.o)
 .ARM.attributes
                0x0000000000000348       0x2a /opt/devkitpro/libtonc/lib/libtonc.a(tte_iohook.o)
 .ARM.attributes
                0x0000000000000372       0x2a /opt/devkitpro/libtonc/lib/libtonc.a(tte_init_se.o)
 .ARM.attributes
                0x000000000000039c       0x2a /opt/devkitpro/libtonc/lib/libtonc.a(tte_init_bmp.o)
 .ARM.attributes
                0x00000000000003c6       0x2a /opt/devkitpro/libtonc/lib/libtonc.a(bmp8_drawg_b1cs.o)
 .ARM.attributes
                0x00000000000003f0       0x1a /opt/devkitpro/libtonc/lib/libtonc.a(sin_lut.o)
 .ARM.attributes
                0x000000000000040a       0x1a /opt/devkitpro/libtonc/lib/libtonc.a(tonc_bios.o)
 .ARM.attributes
                0x0000000000000424       0x1a /opt/devkitpro/libtonc/lib/libtonc.a(tonc_memcpy.o)
 .ARM.attributes
                0x000000000000043e       0x1a /opt/devkitpro/libtonc/lib/libtonc.a(tonc_bios_ex.o)
 .ARM.attributes
                0x0000000000000458       0x1a /opt/devkitpro/libtonc/lib/libtonc.a(tonc_nocash.o)
 .ARM.attributes
                0x0000000000000472       0x1a /opt/devkitpro/libtonc/lib/libtonc.a(tonc_memset.o)
 .ARM.attributes
                0x000000000000048c       0x1a /opt/devkitpro/libtonc/lib/libtonc.a(verdana9.o)
 .ARM.attributes
                0x00000000000004a6       0x1a /opt/devkitpro/libtonc/lib/libtonc.a(sys8.o)
 .ARM.attributes
                0x00000000000004c0       0x2a /opt/devkitpro/libtonc/lib/libtonc.a(tonc_sbmp8.o)
 .ARM.attributes
                0x00000000000004ea       0x2a /opt/devkitpro/libtonc/lib/libtonc.a(tonc_surface.o)
 .ARM.attributes
                0x0000000000000514       0x2a /opt/devkitpro/libtonc/lib/libtonc.a(tonc_sbmp16.o)
 .ARM.attributes
                0x000000000000053e       0x2a /opt/devkitpro/libtonc/lib/libtonc.a(bmp16_drawg_b1cs.o)
 .ARM.attributes
                0x0000000000000568       0x2a /opt/devkitpro/libtonc/lib/libtonc.a(se_drawg.o)
 .ARM.attributes
                0x0000000000000592       0x1c /opt/devkitpro/devkitARM/bin/../lib/gcc/arm-none-eabi/11.1.0/thumb/libgcc.a(_arm_mulsf3.o)
 .ARM.attributes
                0x00000000000005ae       0x1c /opt/devkitpro/devkitARM/bin/../lib/gcc/arm-none-eabi/11.1.0/thumb/libgcc.a(_udivsi3.o)
 .ARM.attributes
                0x00000000000005ca       0x1c /opt/devkitpro/devkitARM/bin/../lib/gcc/arm-none-eabi/11.1.0/thumb/libgcc.a(_divsi3.o)
 .ARM.attributes
                0x00000000000005e6       0x1c /opt/devkitpro/devkitARM/bin/../lib/gcc/arm-none-eabi/11.1.0/thumb/libgcc.a(_dvmd_tls.o)
 .ARM.attributes
                0x0000000000000602       0x1c /opt/devkitpro/devkitARM/bin/../lib/gcc/arm-none-eabi/11.1.0/thumb/libgcc.a(_arm_addsubsf3.o)
 .ARM.attributes
                0x000000000000061e       0x1c /opt/devkitpro/devkitARM/bin/../lib/gcc/arm-none-eabi/11.1.0/thumb/libgcc.a(_arm_muldivsf3.o)
 .ARM.attributes
                0x000000000000063a       0x1c /opt/devkitpro/devkitARM/bin/../lib/gcc/arm-none-eabi/11.1.0/thumb/libgcc.a(_arm_cmpsf2.o)
 .ARM.attributes
                0x0000000000000656       0x1c /opt/devkitpro/devkitARM/bin/../lib/gcc/arm-none-eabi/11.1.0/thumb/libgcc.a(_arm_fixsfsi.o)
 .ARM.attributes
                0x0000000000000672       0x2a /opt/devkitpro/devkitARM/bin/../lib/gcc/arm-none-eabi/11.1.0/../../../../arm-none-eabi/lib/thumb/libg.a(lib_a-ctype_.o)
 .ARM.attributes
                0x000000000000069c       0x2a /opt/devkitpro/devkitARM/bin/../lib/gcc/arm-none-eabi/11.1.0/../../../../arm-none-eabi/lib/thumb/libg.a(lib_a-init.o)
 .ARM.attributes
                0x00000000000006c6       0x2a /opt/devkitpro/devkitARM/bin/../lib/gcc/arm-none-eabi/11.1.0/../../../../arm-none-eabi/lib/thumb/libg.a(lib_a-iprintf.o)
 .ARM.attributes
                0x00000000000006f0       0x2a /opt/devkitpro/devkitARM/bin/../lib/gcc/arm-none-eabi/11.1.0/../../../../arm-none-eabi/lib/thumb/libg.a(lib_a-memcpy-stub.o)
 .ARM.attributes
                0x000000000000071a       0x2a /opt/devkitpro/devkitARM/bin/../lib/gcc/arm-none-eabi/11.1.0/../../../../arm-none-eabi/lib/thumb/libg.a(lib_a-memset.o)
 .ARM.attributes
                0x0000000000000744       0x2a /opt/devkitpro/devkitARM/bin/../lib/gcc/arm-none-eabi/11.1.0/../../../../arm-none-eabi/lib/thumb/libg.a(lib_a-setvbuf.o)
 .ARM.attributes
                0x000000000000076e       0x2a /opt/devkitpro/devkitARM/bin/../lib/gcc/arm-none-eabi/11.1.0/../../../../arm-none-eabi/lib/thumb/libg.a(lib_a-siscanf.o)
 .ARM.attributes
                0x0000000000000798       0x2a /opt/devkitpro/devkitARM/bin/../lib/gcc/arm-none-eabi/11.1.0/../../../../arm-none-eabi/lib/thumb/libg.a(lib_a-stdio.o)
 .ARM.attributes
                0x00000000000007c2       0x2a /opt/devkitpro/devkitARM/bin/../lib/gcc/arm-none-eabi/11.1.0/../../../../arm-none-eabi/lib/thumb/libg.a(lib_a-strlen-stub.o)
 .ARM.attributes
                0x00000000000007ec       0x2a /opt/devkitpro/devkitARM/bin/../lib/gcc/arm-none-eabi/11.1.0/../../../../arm-none-eabi/lib/thumb/libg.a(lib_a-strncpy.o)
 .ARM.attributes
                0x0000000000000816       0x2a /opt/devkitpro/devkitARM/bin/../lib/gcc/arm-none-eabi/11.1.0/../../../../arm-none-eabi/lib/thumb/libg.a(lib_a-strtol.o)
 .ARM.attributes